./.git/COMMIT_EDITMSG: 成功
./.git/FETCH_HEAD: 成功
./.git/HEAD: 成功
./.git/config: 成功
./.git/description: 成功
./.git/hooks/applypatch-msg.sample: 成功
./.git/hooks/commit-msg.sample: 成功
./.git/hooks/fsmonitor-watchman.sample: 成功
./.git/hooks/post-update.sample: 成功
./.git/hooks/pre-applypatch.sample: 成功
./.git/hooks/pre-commit.sample: 成功
./.git/hooks/pre-merge-commit.sample: 成功
./.git/hooks/pre-push.sample: 成功
./.git/hooks/pre-rebase.sample: 成功
./.git/hooks/pre-receive.sample: 成功
./.git/hooks/prepare-commit-msg.sample: 成功
./.git/hooks/update.sample: 成功
./.git/index: 成功
./.git/info/exclude: 成功
./.git/logs/HEAD: 成功
./.git/logs/refs/heads/main: 成功
./.git/logs/refs/remotes/origin/main: 成功
./.git/objects/00/a47941239e0a3f114ab6499561a984751dcba0: 成功
./.git/objects/00/db9335855c2ab36f257e29212bf9616c46e5d3: 成功
./.git/objects/01/df3d05d309bdefc3ee90eddc4a40a780ac4d98: 成功
./.git/objects/02/0142af6351eae2786d3f3f2a92d2f01aa76684: 成功
./.git/objects/02/54233fca11d4fbd96274c7d9237851f8d2a220: 成功
./.git/objects/02/6d9a6d6747958ea9139a3b1ae9da23f2f16222: 成功
./.git/objects/03/49314e3d697df835d284d3b6f2d637f117a48b: 成功
./.git/objects/04/d4b28a23c27a913ed4a8432ae5e06a4e339cb0: 成功
./.git/objects/05/478357164b2731b4e2390b3bab68b9f49cdec5: 成功
./.git/objects/05/54f5b4745eb986f172949af8074362512ea975: 成功
./.git/objects/05/5ad38c9a8daf44278259bfb2e8f2db3ddcb293: 成功
./.git/objects/05/b269537db48d35369346fa00822f94863920aa: 成功
./.git/objects/05/f9d680ed8a5dd94b4bddb1c778b9f93d76568c: 成功
./.git/objects/06/627242968bebf637968ff9c58c788a6a51d35c: 成功
./.git/objects/06/6568438b1edce38e28625d2d2260a5cee5a1c3: 成功
./.git/objects/08/122c112c0c781cc7fe166bef8b25f51e46f5fb: 成功
./.git/objects/08/1869e50de235904cc0eacfc1543c2074dc38fe: 成功
./.git/objects/08/2d83e91955e46278b6b5bd61ac9f6ab2249067: 成功
./.git/objects/08/4d3de510ff09a4d66a7ea711db7ef9452d877c: 成功
./.git/objects/09/94b2e4f291895c0543885bdb697786d3a352d2: 成功
./.git/objects/0a/1b12c86ef334f9309ea56f4e986af356c767ce: 成功
./.git/objects/0a/3738e92c2a3bee21ae6d61e6f8843ba94702d5: 成功
./.git/objects/0a/5a15b87aabd85caada5130e28fde00c2e355bc: 成功
./.git/objects/0b/9498fb09bdb02c2f6985a76df91bb0381fa024: 成功
./.git/objects/0c/804ff01ca56a433051058ea086b6536b830977: 成功
./.git/objects/0c/b5b72065b548e9603bb9b6cac217914d8a72fd: 成功
./.git/objects/0d/1b6014d568b3695abd76cf164a20620b0453b8: 成功
./.git/objects/0d/9cbf23123b8afa278c0c14046790146b457ac6: 成功
./.git/objects/0d/a07b043d47531353257d7fb68cce29d4696199: 成功
./.git/objects/0e/dee0c124798180b707177c653ee6a7a8c6d996: 成功
./.git/objects/0f/25d82326a654c89eadec771efaec7a90854ad0: 成功
./.git/objects/0f/4e71546b5cfd34aabd163b3500b54ec6b87f27: 成功
./.git/objects/10/49cecc7404c01b0b9427d11192951723ced411: 成功
./.git/objects/10/e67342b6864cc76947643867deb0d354c4d0df: 成功
./.git/objects/11/48984db5ab613e59e1a7e9c6c4bbe8a8fa7cdf: 成功
./.git/objects/11/c52ad602789c3d671db4afbfd014b6eb255284: 成功
./.git/objects/12/09e19e3441b071b801b7a12382b4e2e1378af3: 成功
./.git/objects/12/2f7ad083887c023f43d92f9eb5c879c5476c7c: 成功
./.git/objects/12/7e9d31f409a17f46bb661c03561eadc44d1831: 成功
./.git/objects/13/85a7324d286148dd31cb03d057385b2cdeea4b: 成功
./.git/objects/13/dae21d979acff2df7fa5aafa8d8421e3986e1e: 成功
./.git/objects/14/4dacf7a023d6374b13fa36fc71400311b4bf14: 成功
./.git/objects/14/9dd0879e8694af95361a3244357eb6372fc9c7: 成功
./.git/objects/14/9ef63451bc5ce75d8d59b9e9b7bcd892a931d7: 成功
./.git/objects/14/b7fa6e4e853d65a7a3f8ba3c4109d49a020876: 成功
./.git/objects/15/38fb8cb3cb95a17aa6614b6dc583a3d06b0a51: 成功
./.git/objects/15/47cb4bfd10cd995ed054a79a43567898b212d4: 成功
./.git/objects/15/72973b0105e468f01a444b11630a9d33dfebc8: 成功
./.git/objects/15/e92ea4c93eb98be81a5dc8e1bfbf497aa5d89f: 成功
./.git/objects/16/49a5d0d5381a1db4a5c68b20d9cacf5c624d3d: 成功
./.git/objects/17/4a9ce0fcd964effab3989354a8296964f1bbdd: 成功
./.git/objects/17/995e9044356f1cfb254789afae99b932da8fa4: 成功
./.git/objects/17/add84858f4037e310fb889ff044b5c2bef3e02: 成功
./.git/objects/1a/b2c9c16576c3338b0eb512c6f520157db4edd8: 成功
./.git/objects/1b/6627fb0bbc69cd014729ccad10d7f63e37cbd9: 成功
./.git/objects/1b/856a06a90daf8ce34525b2564cf32dbfa8590f: 成功
./.git/objects/1c/342b8cde5a2bdf2e36085fa58ec2ac8242244a: 成功
./.git/objects/1c/601f729ec10daf4e147697f6bda7e74eeaec16: 成功
./.git/objects/1c/9da1f1c53c5baacdb0b3a0d51811bb1b14d702: 成功
./.git/objects/1c/b9c19bc72acbfbaef578acacc16cea2da78c92: 成功
./.git/objects/1c/d1dc18b746833351456f6a812be33dc30a9a3e: 成功
./.git/objects/1c/df533898ff2eb35ff7f2ac14c50d56c40a1bc3: 成功
./.git/objects/1d/0e0be1551e721a97e47d825301883db8b39c05: 成功
./.git/objects/1d/cc91b657e7e7142151189d765e4a8895667f78: 成功
./.git/objects/1e/04269a013ce332d5ca82958520bc4bfdba5ecd: 成功
./.git/objects/1e/5837820bffbaeafa928f87cae85e024ed3636d: 成功
./.git/objects/1e/8c26d9392dabcbec58f631bc07de82b8642ba4: 成功
./.git/objects/1f/0bbb168bb61fc5f6be279c4a1e39017bc850dd: 成功
./.git/objects/1f/75e366477b749288186f719fef755de4ffe43d: 成功
./.git/objects/1f/849f8ab0712da1f455904bf0d0e1091789b07d: 成功
./.git/objects/1f/978dfb65390025cd5b358b1b78e874f25e3ef2: 成功
./.git/objects/1f/9f89681bd88f9f2666f9c69599a1e6025268a5: 成功
./.git/objects/1f/ec62dd196030bb9d86c1b418813424177f3263: 成功
./.git/objects/21/6330b253f0d626fc5307be95813568f9f83f62: 成功
./.git/objects/21/63e69c790e4b01600a55b92091b2e450c5682f: 成功
./.git/objects/21/d020496f69f4e87ee48edd607d8ba56ded8cd7: 成功
./.git/objects/22/199ab7f3a8a4ee19408ea56830934136c3728a: 成功
./.git/objects/22/c12edab51ea9d8cd9c5219258926ef326265e4: 成功
./.git/objects/22/cc2c573efe2ba64c593f4e98d6acb6571f78b5: 成功
./.git/objects/23/1dc8d9318df30067eb647e3cea0b0cd81e6f16: 成功
./.git/objects/23/440d246c31c87f89e7454bd11225a1ee1c83e2: 成功
./.git/objects/23/4cbdcae85311a5cb4a16281e75c9a3f9c24bee: 成功
./.git/objects/23/58fcae2ea87349a75d6769079345fb274e7655: 成功
./.git/objects/23/721ba5b5143d551d5045edd3538aac15ee0543: 成功
./.git/objects/23/c40fe033530c9a135b6c5c0ed654dce67836a7: 成功
./.git/objects/23/c5f5e0afb99b59e8347a67ff9cc59fbebb0d64: 成功
./.git/objects/24/77df53d54ff59833079c296f40f5ef5e2fc53b: 成功
./.git/objects/25/48a11dc32891fe589ce60931e59a10540d5bf8: 成功
./.git/objects/26/51a67351e7a9613c7f8f0515b6d4b80ae84e05: 成功
./.git/objects/26/58059a478d119cea1025e0832c9b77d55e0680: 成功
./.git/objects/26/5de7ac1d38e9d116694747b6a181d6fc5c9740: 成功
./.git/objects/26/e7a0fbcda13458f9ae699b4993d29719e96ca0: 成功
./.git/objects/27/2422c265f4d08fa4e65ffd9032e0508dec6285: 成功
./.git/objects/27/2d799f5ee478fd98a4ebd57551db7dba2ee138: 成功
./.git/objects/27/30261ba06b6aad41f8cacdc6c051dd46d11fc6: 成功
./.git/objects/27/69c7e9b8f6e6ab66383fb0c0e774cf2df1be00: 成功
./.git/objects/28/05b42b889a3e99aacedd49ae286bd9f5b48f09: 成功
./.git/objects/28/4ecf1bcff4127c91d71a5d187839dcfc2e2868: 成功
./.git/objects/28/bb3dd54a1020eabb0521022296291f6243f20f: 成功
./.git/objects/28/c41707514e909de4a426500cdcc6a47f3edc7d: 成功
./.git/objects/2a/4c71e4cfa15b8cda8ddd3ac18b38d0f6ee8586: 成功
./.git/objects/2a/54c5cbda3e12f3f5e37d24a633ddbb087eacc5: 成功
./.git/objects/2a/7d77bea51ffb76f6d56fccaec6acf49e945967: 成功
./.git/objects/2a/a519a3839658f54919c448ca105d723f96cce9: 成功
./.git/objects/2b/8aa41f84c24e299b5da855ad124c333935799d: 成功
./.git/objects/2c/153222c5593820ae2e1fad8fdf3fff73494ae1: 成功
./.git/objects/2c/500eb45c65cea99fb8c7bf340a7cff735442b8: 成功
./.git/objects/2e/4cfda642ce806c5aef5f7dbda322ce958d2818: 成功
./.git/objects/2e/5f7f993f0b5b6ce70fd0999eef70610718f9fe: 成功
./.git/objects/2e/870189249fafdd6f297fc56732c7d2642b3238: 成功
./.git/objects/2e/ce4d1edbfac8147644ae1399f30822d81575b5: 成功
./.git/objects/2f/fd1f43d47c84f6e11b5cca1c34e844850d54ea: 成功
./.git/objects/30/961a191b10fc21d6aeee361b0c5455f6c03823: 成功
./.git/objects/30/ede28c271895b3895a026667ffcb83d5701d6c: 成功
./.git/objects/30/f593a1f7cc330ff1013e488f19d445d10c3aed: 成功
./.git/objects/31/081111ef458bde2aee9a0f4352ed45682824fe: 成功
./.git/objects/32/0da17191cc74758009b0b942c09683d42d0e09: 成功
./.git/objects/32/2cdc73edb4c3abd9613e812de2b876ac95dbc8: 成功
./.git/objects/33/88db8ff10724c920cb37a4a3fdad2c4ca59b37: 成功
./.git/objects/34/917f731fe18b224db53cc71c1571b874f3c249: 成功
./.git/objects/35/1131b85fecdae7c07b86f1065098f8a52c0cfb: 成功
./.git/objects/35/24cdfaf425c2009df2e71e33654f8135abff8b: 成功
./.git/objects/35/af95f14cfa835d24ef18d50344f735f51c10db: 成功
./.git/objects/35/ec71459d483a43242b0e8890a46e9d670c8232: 成功
./.git/objects/35/fee370472a5d8eb877abab8b13326e480a30a1: 成功
./.git/objects/36/69c69242f511b63f9076c495e473d90da24f84: 成功
./.git/objects/36/7926932c08a7212996678060b7bba8e2a716d7: 成功
./.git/objects/37/5c6b3b38f4ed1c478b2f7165b236dec87f3d8d: 成功
./.git/objects/37/89c2c0fbb8a87dfc3eeb530d9a6461908faf1f: 成功
./.git/objects/38/0c04401ab51325111d69a847915e0473e34e27: 成功
./.git/objects/38/914e49a01e2bd6f1f6b8045cf7452a9c4ab8a5: 成功
./.git/objects/38/a1288fc1d01f403c4188fd63324c256cdcb93f: 成功
./.git/objects/38/c6b6ed4a92cf7bd6d3feb3d5c171c507d44dcb: 成功
./.git/objects/39/3a8a0244ad9140586ffa1d5b4144cf73edeec3: 成功
./.git/objects/39/684e431c1c406b0f18dae07dd2ed2f30a72476: 成功
./.git/objects/39/974974296695ef28fdc924e6136a126c48a629: 成功
./.git/objects/3a/4db9520dec2d4a8e491680b9b7901097aa01c1: 成功
./.git/objects/3a/5d8c0a7f62beeaad00d9ef0581f9071098d84d: 成功
./.git/objects/3b/34bb1805db786a87f21d7b47d4f884df1a4de9: 成功
./.git/objects/3c/741987b44fe71aa72e6f096e062ecf7f6bfae5: 成功
./.git/objects/3c/a471ba214d635fcfb74c33af9894e187b29c8f: 成功
./.git/objects/3c/da17986eefa01761f2ee514f1a0d2c2e56e80a: 成功
./.git/objects/3d/12e2b0d46c2855805a510f656e3d652b426117: 成功
./.git/objects/3d/8e7ecba684af3242fd7b27ed52b1d0a6fae95d: 成功
./.git/objects/3d/fdba930844b53ca19ca9233f813ae6ec1be632: 成功
./.git/objects/3f/44ccf5ba106b0d703241c171638938a7bf7fe3: 成功
./.git/objects/3f/496f38d0f042e937daf9fd1ff08eefde1690d7: 成功
./.git/objects/3f/8a024be1f9013871558e2f0200dcfc3b2ff5dd: 成功
./.git/objects/40/3bf3a93be905860b62d64edcebf025f2912d04: 成功
./.git/objects/40/4b2e63c4a0ce23c741576344cd5024f3493af2: 成功
./.git/objects/40/e46cdcadec28461c459b9c87623d34d851f48e: 成功
./.git/objects/41/0386e2393ae567479e3cc6cbb0220d675840d7: 成功
./.git/objects/41/1fbbf65835f981bf217c491f0c61c8395181f4: 成功
./.git/objects/41/2056a7f05baa86d5d4a7b552105cc4a989b471: 成功
./.git/objects/41/23b50b73fab393334e78354dd0a810181ad4a0: 成功
./.git/objects/41/ef51e6c49abcfd825ae688b61fa7795f42134a: 成功
./.git/objects/42/2ddb488829ae22c57b08f7a77c6e5e2d210238: 成功
./.git/objects/42/9d1bf0984cdd80cc02eab9b54176443de5be1d: 成功
./.git/objects/42/cd84d1e927927ae3e3286e783339fedb32cfc3: 成功
./.git/objects/43/bc72ead679f55f6212721fbd1b681712659127: 成功
./.git/objects/43/ff38c98898cc5a97cd3ec404d05edbd06c603b: 成功
./.git/objects/44/5bec645156ae139a34acee2e633af76b9c8a61: 成功
./.git/objects/44/60d05b280d1034d2c4bc1e6f8388b197e9802b: 成功
./.git/objects/44/8efa8c86dcacc55a21b351d361ab94706d41c6: 成功
./.git/objects/45/5a16979940fe6163972821e2c0a9ad2294ef66: 成功
./.git/objects/47/24fc8001b2c0fd18f6fa2449fa98e8e380827b: 成功
./.git/objects/47/37d78feee5fb1d76002bed0e0b20c0cd2c5c00: 成功
./.git/objects/47/c71228a480c378163f6a3dd122273570485ad9: 成功
./.git/objects/49/1a733b8374edb9cf374a3b153c3ef7f7d525ee: 成功
./.git/objects/49/39fc306863ffaaf30d478ed621aaf28ab806e8: 成功
./.git/objects/49/711ff2cc54f57a5de522b94cb4f3490d48f6f1: 成功
./.git/objects/49/9ab665343f52f13d3a3db7c0422747e6308f03: 成功
./.git/objects/4a/7d256b0618eb658b9de782e2193bc7c289faf0: 成功
./.git/objects/4a/a81948f1fd600e9d982323c1d84003182311be: 成功
./.git/objects/4b/451e2515f8747d0eea22331c8d7f36ae35e943: 成功
./.git/objects/4c/b30e88ce2fc28d91af4848bf129fa52dbf88e4: 成功
./.git/objects/4d/4d65c4b32e85f6c183f19225083ffea2d0188b: 成功
./.git/objects/4e/1eb39a9a2ef3a77fc3919438ae0ab31e11323d: 成功
./.git/objects/4e/dbf8c4b6cf2183df5d0d90675dcb059f14b7a3: 成功
./.git/objects/4f/ac05a0999fe698851bf4dd4e8260d492f9cb35: 成功
./.git/objects/50/a6946b123068d17da91dc43eab7e19457e9acc: 成功
./.git/objects/50/ff2db9588a179a0f01b600d4e9729b4db12d4e: 成功
./.git/objects/51/05535a91df120276ef209b5292d6e1e4873698: 成功
./.git/objects/51/606860082d3df014456a9de38fde7b1d0a765a: 成功
./.git/objects/51/e45a0edc3c7ae765db448125aab70c01861252: 成功
./.git/objects/52/8798bdb813a77e8d95daf0469dbed305c3d6ac: 成功
./.git/objects/53/4bd547d1175476fc435539ab108e298620990c: 成功
./.git/objects/53/5b1d26245c6b3d13d4924f6c29a9336aed9e15: 成功
./.git/objects/53/b7596fb13da11341b5433d3abf854f039d3168: 成功
./.git/objects/53/bc8910cd664282a97c5de0a531a83de6df439e: 成功
./.git/objects/56/cd9c33808b6d371f674b687d4bb01ac01afcfa: 成功
./.git/objects/56/d28863663f54e42a799df5841f2039767db72a: 成功
./.git/objects/56/e7dce2cea4798f27fe982eb68cabce7f7873fa: 成功
./.git/objects/57/b04cc53f934979a3335c9de967937c9899fa0d: 成功
./.git/objects/57/e020ab3d6bd8d68c037744fb7e12a3e20f7479: 成功
./.git/objects/58/2aa3d92408c2087a6e5cbb933f8c3ff56e921b: 成功
./.git/objects/58/48fb6b396e113fc21881b6ecefc4fd7ce88a77: 成功
./.git/objects/58/5b5865ae161cd37ea2da2b52120165940ea8ff: 成功
./.git/objects/58/95ea1757d18cf1efbdfed6b756aee3c9fc0722: 成功
./.git/objects/5a/2a5d7056b2b552693fbcbb0b61d5fab5fe369c: 成功
./.git/objects/5a/aefe44559c0acd2eea7bfe640698f2117dcf29: 成功
./.git/objects/5a/b5d2cbd59f325944c13b56c0ffb097e2e43951: 成功
./.git/objects/5b/4789827b3123b61127e1211b5f4a096c6b943f: 成功
./.git/objects/5b/630926983ee425c248e01c25873b7e43fef004: 成功
./.git/objects/5b/8ab37cae2141b4577220d0e6a8467030ef06b7: 成功
./.git/objects/5b/8b16cea3d1d6de953cd083aef1e1a7f1a27a47: 成功
./.git/objects/5c/60215b3b20304357a3955c583d50106c74a1cf: 成功
./.git/objects/5c/cdd7a7b7273443092319304bd4cf273909c453: 成功
./.git/objects/5c/db90b784a80f35ad69e9ff57d499284452da88: 成功
./.git/objects/5d/00cb456505e969d582f07ef678b154ef5f4ed1: 成功
./.git/objects/5d/225d6cddadced50fa5ffac7220f3202e658048: 成功
./.git/objects/5d/c2467773fa12de9b32dbbb50afa476006a0fd4: 成功
./.git/objects/5e/187454c1a6da2fbd42601d78cd94434ee0fbe7: 成功
./.git/objects/5e/94bd10d03251e2108d81287f6ef202377d05f2: 成功
./.git/objects/5e/b26eac5fe0ca09d6f220dececee1f088cf122b: 成功
./.git/objects/5f/a93b59af3c3f0f790dbc080f452636e7873e0b: 成功
./.git/objects/5f/bbea62f3a713d243553eac2f8e4b7866490032: 成功
./.git/objects/5f/e671523211fb995e1902b45f8e6537866b384d: 成功
./.git/objects/60/373fe06c68711be0ef26cc8fd02dfe04b455a0: 成功
./.git/objects/60/f2710e09447cf1d3e7b728708518687043db67: 成功
./.git/objects/61/3d538842a5df51b33fe30225184b29e5e13398: 成功
./.git/objects/61/9a5962a926a0339d10a7425d05d254ccc2b723: 成功
./.git/objects/62/499187c7be6f113a86c7068a99633662cfc337: 成功
./.git/objects/62/7c360f336916fc3564914bd84a424d467fe7fb: 成功
./.git/objects/62/9674862bc7ec4dc7978b71bd59f28673cb8bf8: 成功
./.git/objects/62/cde0e116697c0e190a04ae9311f89e8b6fe296: 成功
./.git/objects/63/e06d78912a6c0ea9fa4f7f1336802d423e9494: 成功
./.git/objects/64/2e65b5467720c17240262e0b0fc2ae336742f4: 成功
./.git/objects/64/393974ff07edbaf97f33558cdcc21c976b89d2: 成功
./.git/objects/64/56244dfcd5e8a7d9eee5ed0ed7bc21e03b38e9: 成功
./.git/objects/65/42fb1fc43abaaaee20503aba8f9019f7a75fff: 成功
./.git/objects/65/c34e118efcfbb5743e59d6020e80ed3c1be77c: 成功
./.git/objects/67/4b53fdd42471bb21573c4971f22fc20e027e28: 成功
./.git/objects/67/8c8084d0c28014954836b48d78fbc9f5791699: 成功
./.git/objects/67/b4a85edc1bda70c26f6937ebe50ace7206d354: 成功
./.git/objects/68/74711088e078cd0ca1287455bcd81fbf1fb163: 成功
./.git/objects/6a/0b51e92efe5aa30f6739be02f5194e7ca53a38: 成功
./.git/objects/6a/2c6a640c82114e8d6e4e34d24730c3d2cb1bfc: 成功
./.git/objects/6a/bdf33803ec81055c644dfa6469bda39a9de9a6: 成功
./.git/objects/6c/872ea94273f64f07f924f0c6d59c0498c0b2fa: 成功
./.git/objects/6d/39c21a85ff886ff476eeaa08859ab08645f9df: 成功
./.git/objects/6e/2e819b3b41e121e3264698f70a5d714f94e472: 成功
./.git/objects/6e/33cae783d9508636a2bc8d0fcd9789299c51fe: 成功
./.git/objects/6e/58983392802d49958dd2772fcebe8675ec3411: 成功
./.git/objects/6e/8851965be4814816202d83d5e5dea443e3b9a5: 成功
./.git/objects/6f/510545f27b6d73af9a500b9d4c7e298d935feb: 成功
./.git/objects/6f/e56ca78e737331d769636c1607846ec271551f: 成功
./.git/objects/70/705c85953cd9ada36bb1ae7556434f8a1b1097: 成功
./.git/objects/70/74560f7bed0bab1056a2abf10a6cd31b4f4fc4: 成功
./.git/objects/72/e6d86a0f8196cc2052c3f5f5e75fac05db4785: 成功
./.git/objects/74/e0d3d654888e700ee893bf45aab4693ddeb90b: 成功
./.git/objects/75/e4d2c8d01e2c8ba04e6ebca4f52675c3858b05: 成功
./.git/objects/76/17de576c42770429a8cc4c3b683f9055a99467: 成功
./.git/objects/77/8da54c02ba4e329ef6ba8674055199fbb8044d: 成功
./.git/objects/78/0b940e126fb240732fcebc723050e3fb97d886: 成功
./.git/objects/78/8736ea741a5e1605b5f9e205194f1487f59d5f: 成功
./.git/objects/79/24e7595acc86d7f9ea7be5f8c5e3363c273bba: 成功
./.git/objects/79/7fbd7f41554a6d33d5941313661d4f50ab7fa2: 成功
./.git/objects/7a/851451c1a8dc500ead47ca780c63ccf0527567: 成功
./.git/objects/7a/f4b3c8f6c12b8a66b173bf65f9a1869f817712: 成功
./.git/objects/7a/fa33dfc4de6285490cf4e1255228fcbdd37348: 成功
./.git/objects/7b/f22da7c9b24f98cda5086eaf2933cecb06679b: 成功
./.git/objects/7c/0343fc52fecad7034a811618c2ba4a4173aef0: 成功
./.git/objects/7c/317efb2cb2250efeb2715d4471b5119b399ae8: 成功
./.git/objects/7c/91299d8535ec72e28c885f039ddda3601c728c: 成功
./.git/objects/7c/b549d7bc712d44759fae030f844c49df766adc: 成功
./.git/objects/7c/eb2fa690c14b80ea42d98e8c0a82499e73e221: 成功
./.git/objects/7c/f2cc637a8d7744c073419463c7401816162c92: 成功
./.git/objects/7d/3b17d23a3e42bce85a865ec7ea613b09ae5275: 成功
./.git/objects/7e/613fc280eba5b4a74b37895264a010fc5daf77: 成功
./.git/objects/7e/a05f1fe1524059dea0afb367a140992aed0bcd: 成功
./.git/objects/7f/34d733a237ec5aa1adf6a0b7173099915b5435: 成功
./.git/objects/7f/6b3bb301033b2d28b4129ea1522f28679ba8c5: 成功
./.git/objects/7f/9a7a02c60dada3b43a7f2e351a9e0587f2e323: 成功
./.git/objects/80/0cd8e6645f64788670c6c644984ae8cc32aab1: 成功
./.git/objects/80/23fef5d2128e6f789f1f21ccbb1a6da2f7e60e: 成功
./.git/objects/80/397a9b08d493b277e2216589662a155ac167a8: 成功
./.git/objects/80/63863ed8610692473f8f3b387a084d8482a1df: 成功
./.git/objects/81/590dd02dd87d1dd6d13ef44a3c5abea15754d3: 成功
./.git/objects/81/82a0cb7bfa928ffaae19c6f49e81b19d9cad0b: 成功
./.git/objects/81/a2dccdad133f8a47eecc26a4a8e7e5e0369736: 成功
./.git/objects/81/e89934d39b3f8fb2216264c620ac98c9608391: 成功
./.git/objects/82/19f14af2c8f4b39db27ae219d62c3ed790f9fa: 成功
./.git/objects/83/bdbb39a49eadbfa017df5b073963decf1e7624: 成功
./.git/objects/84/0e96ff0bcef3d8e73b1002977d536b1cf61c9f: 成功
./.git/objects/85/2ad77522a136a25e279f2ef17b0b2833e2d309: 成功
./.git/objects/85/33d58642737569250d3cbed611bc8d0c45ae39: 成功
./.git/objects/85/5a0bdd58bc9230c74272075e02eed75be53ccc: 成功
./.git/objects/85/9b70bdfb61d59a20d2bfd894c8711c75766503: 成功
./.git/objects/86/02a02627315ca4b31d372f954b2a5ad3b1bdf5: 成功
./.git/objects/87/2bed470571b1e9ed96ddd976ea8b6e139db85b: 成功
./.git/objects/88/81c4a550c2b2f1445bbad7dfb4af11e1e4275e: 成功
./.git/objects/88/90de6aa5905615d377ee72138289d7bbdf7c66: 成功
./.git/objects/88/aeccea2a2e8a91c11f5e77b0c040e92226a77a: 成功
./.git/objects/88/cdcc34c0e85985780b97fa6209f5b13bf6075c: 成功
./.git/objects/89/a2ff4a84ae595b479f12cfbfda85e53b8f1152: 成功
./.git/objects/8b/137891791fe96927ad78e64b0aad7bded08bdc: 成功
./.git/objects/8b/591d839843d364bb3dc92a5e9a31b7c7ef76c9: 成功
./.git/objects/8b/a4b765f736c60363efa97495d882d08a67bdc9: 成功
./.git/objects/8b/ffd5c350ccd4daa6eb62d1868ee82403c51d25: 成功
./.git/objects/8c/1e7eb5f6bedbf8e20356da612a0edceceaabb8: 成功
./.git/objects/8c/3c0cc94b78beb42aded2be84062711d041e8d1: 成功
./.git/objects/8c/e0376bd12f286fcd93b40f0a87788224739155: 成功
./.git/objects/8e/4d9f7b1e6672e9f57845f97fcce566bfab7972: 成功
./.git/objects/8e/62b5c80a1f3b97a52781d5669fa77f38538b6a: 成功
./.git/objects/8f/547a70ba9cf70fffb594bfe7c2d44b64177692: 成功
./.git/objects/90/26702c0886b1ca6c5a2499fccc633580b6f3d4: 成功
./.git/objects/91/c7805cc861f563b04de5e9071b981a4fb5a94b: 成功
./.git/objects/91/f47d4671fc16366971a387454a7cd3f2b75c1f: 成功
./.git/objects/92/0d46308be419c7c95552b0f34c42c269ba3daa: 成功
./.git/objects/92/61052369a8a30ed0f51072e8961e1a8d98105d: 成功
./.git/objects/93/4f52655cf6767b302e5522b45749bcbd9205b0: 成功
./.git/objects/94/28a1117943e1e5cab9dded6cf4ff65f3ed81ab: 成功
./.git/objects/94/9a281f4d9bcfdb089c8bd0740f76c296ca10e5: 成功
./.git/objects/94/ad5125cb7418db05381a238066e670431d20f7: 成功
./.git/objects/95/35ebe078da7d125bb79945483ace0885d7f16b: 成功
./.git/objects/96/3eb04245468bd5c9b53d1490f72d877536825c: 成功
./.git/objects/96/d44375200cb12eba5a294cbbab4caf4425de2d: 成功
./.git/objects/97/0e3d67fa3aeed8467ffe19c429f7afef5b4f44: 成功
./.git/objects/97/17b915b5d40e51ceaa058668eb96d8230fa995: 成功
./.git/objects/97/6739a008b1ca5ba9a4bbf85e68ec31706e90ee: 成功
./.git/objects/97/79d9382366a2de7630e592b69fe748e7c12815: 成功
./.git/objects/98/70e523f3b9bb70b1e915be0bac5070811f43b5: 成功
./.git/objects/98/e761a09f6dc05e3a3db965a4d55fe4e6c32789: 成功
./.git/objects/99/30ffbe88797b7bdf6a97187a6d8f568acdf4bf: 成功
./.git/objects/99/62e7eb3f7cc1c18dd919176babe9d7eff918c9: 成功
./.git/objects/9b/faae1b4c9e15132a61ef30987954a0ebd6d618: 成功
./.git/objects/9c/47a353b37b6fa823ae1aa62234e5f453fd33b6: 成功
./.git/objects/9c/71493ab4af32ea6a583bacc3e812bc917473cd: 成功
./.git/objects/9c/b8b178614e20dc2b412d12f5328a94dd12a3f9: 成功
./.git/objects/9c/f38f85d30c6222d0370519610f7265d23f093b: 成功
./.git/objects/9c/fa55d4c0bbf58435e94ffd19c4b7195763c9e4: 成功
./.git/objects/9e/a6d98c63be8ce8a498f85c63a5e230b92d1835: 成功
./.git/objects/9e/e87ecb7dbc41e46292b6b3140f61730bdda7a6: 成功
./.git/objects/9f/533cd237e09f0baf7b477db0a8215db23da602: 成功
./.git/objects/9f/6b5bfc9de0b99a94f815700209d8699c198d82: 成功
./.git/objects/a0/002a4c31eb3cb2774ef9ff029ffb826419da38: 成功
./.git/objects/a0/89758b561fef62f1409eb5ad8a99c9599ffd7c: 成功
./.git/objects/a0/c655de0532a79005af4602717a35810bba36f2: 成功
./.git/objects/a1/78f05dd0de406cfac2b839366ab417181d2ad6: 成功
./.git/objects/a1/e37c7ac72277e1fd45d0ab15973ccc3b1fdf8a: 成功
./.git/objects/a1/f9e3210ffdce04fcb149e2686911ff7da1b7db: 成功
./.git/objects/a2/2a68b9b08bc9e0dbfcc2830e527760c864757f: 成功
./.git/objects/a3/6edf43dd7af30aa4284d23e5320acf02e3636e: 成功
./.git/objects/a3/be1bfc65e1e6e94c7cdd605d67f83a69cafaf4: 成功
./.git/objects/a4/0cbc7b1870a17be56a99903916322a2b633d0e: 成功
./.git/objects/a6/0347796e31bfc98d32379e72ff0592a1cb5474: 成功
./.git/objects/a6/195bd73880ef1d504ab5a890e2d7e792b9ea7b: 成功
./.git/objects/a6/46844d436577f77c68ed78584f538833a3ca21: 成功
./.git/objects/a6/a10e219c0092e7d0d6bb5d1f0472cfa881cd9e: 成功
./.git/objects/a7/6ab510a01d50af489777520b1e80f60232ed0c: 成功
./.git/objects/a8/7bc278df501b7c5151766fa09b6ea039f25a24: 成功
./.git/objects/a9/23a06dc8a708b58fc24de7065126cee0e17a77: 成功
./.git/objects/a9/f5365e4bc15592a545050244838cf362ed9b67: 成功
./.git/objects/aa/4199c1679e1f6b96c9dfba7bc252a9d7ed4381: 成功
./.git/objects/aa/8895c7cb781394139b0b0ca6556a1f4158abd9: 成功
./.git/objects/aa/8e592b2b79d8f2eacf3d764e3a06df468a0a1a: 成功
./.git/objects/ab/eb0055844bbd49e13a4331e50f872fabcdbffd: 成功
./.git/objects/ac/f4769d724cab3562d0af1b722d0316d9d35d84: 成功
./.git/objects/ad/0630b447250eac1c22217fa367a5ca1616b754: 成功
./.git/objects/ad/404e2b3fa6927cae44d9741b0ecb13ba8d4f3a: 成功
./.git/objects/ad/62fc5d423735e49cd3f5bc17d74345a403a926: 成功
./.git/objects/ad/bf1406ddf3489f938fae4d48d6335173df602a: 成功
./.git/objects/ae/0aa22d8a5b7543ff47f34ee87cfcf169428c82: 成功
./.git/objects/ae/d3f6368d3291601131386d8ed3c1941474cc99: 成功
./.git/objects/ae/dcee0ca0977b77a67cc0fc745f40595f0e2096: 成功
./.git/objects/af/a29b9de7dccbf9d27d3dbcbe0364e9e3606282: 成功
./.git/objects/af/b69e343807ee055553e8b614e42cf569b80c36: 成功
./.git/objects/b0/612a32e94defc90dfecc93834eb4b9c47bdeb9: 成功
./.git/objects/b1/913614e7270de11343de4625372b3b84f20278: 成功
./.git/objects/b1/cae77fbca4371a357ee078c990a956691c7202: 成功
./.git/objects/b2/61afeb9a4cf5c4884ebd51c1e847216599cc2c: 成功
./.git/objects/b4/cfb0212b83104a177c837d6aa2f9d1a96c84dc: 成功
./.git/objects/b5/1939b543cea2d10eadb92c322466a251b7c81a: 成功
./.git/objects/b5/a3aa76a76a4f283f9af988340e28659ef33831: 成功
./.git/objects/b5/b5c204b2dfd146f6c2834365c8fb9ff1eff0f0: 成功
./.git/objects/b5/e5d03a54477d2c5320467aa1e8e6b0a8a64b2c: 成功
./.git/objects/b6/46956607ec853b2c972bbb319ee7085e1a9684: 成功
./.git/objects/b6/4a693a00b94611c463d2434fe1ca87bfee2bd4: 成功
./.git/objects/b7/33fbd2b521fb08453f5dd9482e220eedd13e5a: 成功
./.git/objects/b7/dfcd7c67f921d72865bfab4319102c4e556dfe: 成功
./.git/objects/b9/7691b623a978be5449b41aeeb68d61bd242f6b: 成功
./.git/objects/b9/e1f4de0a816d8074efe3e75499fc7000f0ac36: 成功
./.git/objects/ba/27360cfe7c00aa146c12b8332a8dc9cd8e4e24: 成功
./.git/objects/bb/0b2abacf7e68a912bd25fc692f943cf6207ec0: 成功
./.git/objects/bb/75a5ee16448cc0f61a1513b445620e9dccb523: 成功
./.git/objects/bc/c8555e11eacb3de5f035d495bdbce0f4020b63: 成功
./.git/objects/bc/f4b7a9104e65a74c897ff0df883c77447be289: 成功
./.git/objects/bd/462d2f2d509d40e91747f489d386e517a0b06d: 成功
./.git/objects/bd/51a0ec542d074774d473c76f9e8e9c80e7cc24: 成功
./.git/objects/bd/ece035746bbfc6896222b36b92250f7f579919: 成功
./.git/objects/be/01f82458f697126296d9bb7832d14303af6934: 成功
./.git/objects/be/2c70aa54b92755e55520a7031fb0f229373631: 成功
./.git/objects/be/e29b84dfd9c0eb4319712aa2c6ea53e549f21b: 成功
./.git/objects/be/f1cc32e912ceec0bfa42351e6f4efd9891de5a: 成功
./.git/objects/bf/aebebd6038d903a88d159f67531b9d6d603216: 成功
./.git/objects/bf/ec37fde355b4c9ab365125b0f8099cd6e34450: 成功
./.git/objects/c0/2ae13f3dc898c83e8e02d70beae1b5552cf6fd: 成功
./.git/objects/c0/858b781532550c7582ff0f454a4f7317024d9e: 成功
./.git/objects/c0/fe6f4c15e0bf936345b74b6354008e1e725455: 成功
./.git/objects/c1/2cb0605818e7bbd2295a5bbb1da9f38ae75f51: 成功
./.git/objects/c1/86b1012a8b70a95cef48ea28a605ffc7d288a2: 成功
./.git/objects/c1/a42d391518d15bdcf988d4cb275b1fce0c13b2: 成功
./.git/objects/c1/bce48fdcc7ac58e998a0c9a93274ed938254e7: 成功
./.git/objects/c2/257b593117345c9a891781e75a0a4bfd9de855: 成功
./.git/objects/c3/65006efcf2e51f965d4479baf8dfe6810ee69a: 成功
./.git/objects/c3/777c41f43c7d814481cfd682bff449678adb36: 成功
./.git/objects/c3/b2e38ca125f847adb88e94eedd68f7dac9c1dd: 成功
./.git/objects/c4/2bf9921e1deb1ccaf4c6eb9625a258ba81fc6e: 成功
./.git/objects/c4/56d6bdda3b510af56542adf17a6c14e580d1b6: 成功
./.git/objects/c4/def9c412eaf1070a5f90f100e0ba0bc007e580: 成功
./.git/objects/c5/016f3607d6b43d9e56c9e38155073b698d1a5b: 成功
./.git/objects/c5/0fdb57fd3089fe56c828a1c78bb0e8fb33efc8: 成功
./.git/objects/c5/3f2ab0de087b63feb5c3ae55994e29cceb2aeb: 成功
./.git/objects/c5/74f807725b386ff0c49d86489a6ba510b82b44: 成功
./.git/objects/c5/f2cb5f173432a29c72f5a18c11a76a9429f170: 成功
./.git/objects/c6/34a6a641ba8c54ff6a3f5057c1044568a9cd5b: 成功
./.git/objects/c6/a628a2945fe442f684b622f38a6b09bfa53c5a: 成功
./.git/objects/c7/e0038676e506fca1b57e15870cde788322c637: 成功
./.git/objects/c8/a9576d8d6c413ad277010c1d07a8570981440c: 成功
./.git/objects/c9/144e9b28806e3c0f39ba0ac18548f1dd00f5a8: 成功
./.git/objects/c9/f492fee3050941e604dadf80db7afcd40c800f: 成功
./.git/objects/ca/0181f41da59f5295b365a78843a92c09c389ce: 成功
./.git/objects/ca/8e5e35576794708cfbec8eb4f3cf06f0aa1266: 成功
./.git/objects/cb/8b5a28a8922ce77b06af71e34f5bb2374db63b: 成功
./.git/objects/cb/b16a3e970ad783da05e1a55707a15f3e858f7f: 成功
./.git/objects/cb/d17460031ef3998dd728311a1d37f34ec16d7f: 成功
./.git/objects/cc/1d2dc845ee781c4ecb39f235be9aa041c319a9: 成功
./.git/objects/cc/557ac2ae002fe07247d76cc83e03ee28e16cb0: 成功
./.git/objects/cc/5e1974f4e8449733975df02bb5467fd49a6048: 成功
./.git/objects/cc/c5864da3d54a470bec991fdcb025d1fed2f4d5: 成功
./.git/objects/cc/fb0e3078c75bf8901214963050c3ace45d9ced: 成功
./.git/objects/cd/fbe5500a8d272777cf2e349d0aa006091dddc3: 成功
./.git/objects/ce/24249f76bdb1582ea1395769b88428e2df4c15: 成功
./.git/objects/ce/49468f0f51a2276327fb52b321682658f5c7bb: 成功
./.git/objects/ce/74768d7bfffd796bb7d81f9b91263ceeaffeb5: 成功
./.git/objects/ce/9cb98a168d4c915f2eb00ac40e9dbe3a7244b7: 成功
./.git/objects/ce/c2eb0902740c9f30b03a5960cbb03df07de677: 成功
./.git/objects/cf/672539c590f2f6b6720e7e79cf043007f2fa4d: 成功
./.git/objects/cf/78b7f304466ace74a02b3c78225362dbce3fc1: 成功
./.git/objects/cf/cb2db2a7084c2fb0ec11f3ffd892315d68cae7: 成功
./.git/objects/d0/4ad7c482eaa30978e46ea318641f72d806c529: 成功
./.git/objects/d0/917548644589b89972752eaa4572d8b4cf5d82: 成功
./.git/objects/d1/2cabdb20a71c7b865a13030f8c666b420a0b5c: 成功
./.git/objects/d1/c2b6b08313b51ee8c5be7dd64c9c3129e2c093: 成功
./.git/objects/d1/fe5369793e2c14ce7a36b6cfa6b26c35b59e04: 成功
./.git/objects/d2/61c4eac2a53d75552915fcae6ac17b82786cc3: 成功
./.git/objects/d2/adf82cb8a46055fceeba9f4a0a83af27a4c944: 成功
./.git/objects/d3/1ab46d04006db02cbdee6f7f39cf015b7c0c1e: 成功
./.git/objects/d3/5d2abddec1b087f2fa93ed351636a56aec8df1: 成功
./.git/objects/d3/cb5e7487a0aa4c3fd4093e33d4a9054fdc1270: 成功
./.git/objects/d4/19ee153fbf0bd8acbe6a5adde673f8752dcb40: 成功
./.git/objects/d4/2e3d0c174bd297968c518268739eebad6f178e: 成功
./.git/objects/d4/97e2285eba7c7a0e852a7e6ad278427b54d0b8: 成功
./.git/objects/d5/aa20793e5d1f1b06992efd345c967bfe85f155: 成功
./.git/objects/d5/b6ba6d6a444537fc4653268a2ccb44edfb4f4e: 成功
./.git/objects/d6/0d5ca81c22a2f2f681b5e3221d47102628a621: 成功
./.git/objects/d7/1d52ecc861ccf5e50b5954f0b409f772083cdc: 成功
./.git/objects/d7/ff83dd6793522e197d64fd8db76b4396c75a49: 成功
./.git/objects/d8/03ea85b0a18b16f64f7523d2572615a32e7ab7: 成功
./.git/objects/d8/0f04957a7d3529cf1790c56502cf5467d3f5bd: 成功
./.git/objects/d8/120667456bcd9359a402fbe3d5373b9a501c26: 成功
./.git/objects/d8/17d383deba73a34e6e5e5521ad96807902b1c8: 成功
./.git/objects/d8/36d6ef006074e5bff6e43584edc9f98ad2c819: 成功
./.git/objects/d8/bb2c0193b42a8121fcb47de2eadf95dfcf9668: 成功
./.git/objects/d8/ee29f6140f873176f050876184ed7ffd5649ac: 成功
./.git/objects/d9/230e1f221cbb9814cd15bca24e360740231e55: 成功
./.git/objects/d9/2de44a31573154b9a12b9631a2bdb2898975bb: 成功
./.git/objects/d9/705ecacc040be69cf0ddcd82e829bfd93f087e: 成功
./.git/objects/d9/dcd7ba8b207a7a2317af721a9a162407d28e45: 成功
./.git/objects/da/2f97aba419d47b458987b49d357a54f1d6ad0e: 成功
./.git/objects/da/8d3dd5afb4d528b2106df437979a7ca5df5124: 成功
./.git/objects/da/8f9e3c660884aacdda76d869d4a8bd2b5b1c3a: 成功
./.git/objects/db/40348643d0c5bb4f6e79589343bbd0c93fdb91: 成功
./.git/objects/db/619935b6e0f7b50caf30bc4d4127e666127ae8: 成功
./.git/objects/db/86334a41906474cb94f88279c857e43cc96af2: 成功
./.git/objects/db/a41a4afee4b365f9906bcfa5886be60f79167a: 成功
./.git/objects/db/cd8221e9394928d69657a1179ba1ba1b00f69a: 成功
./.git/objects/dc/bc39fec4bb81b75e985ea7668197201c6804e0: 成功
./.git/objects/dd/6874d65a1217cf53cbb99cee3e88c94841ad1c: 成功
./.git/objects/df/11f0b998b70260c06197728eb5ddfc9fdd770f: 成功
./.git/objects/df/803d1b89fa5a8e183c40a6c5b190a021c15494: 成功
./.git/objects/df/d90a34e801de77123a7ad0892d9e05f3bcad85: 成功
./.git/objects/e1/187c0a460f9ffff9e8b37706c2f3bb3dde6899: 成功
./.git/objects/e2/0b21eb08e6941561343407a14400e4169305ba: 成功
./.git/objects/e2/4458e5026680ab38914a4c48a3a440f24d3e4f: 成功
./.git/objects/e2/4e5ad0349b57999d5f47a6688542befceddfce: 成功
./.git/objects/e3/d5c86cf7d65044575390a212f7b05caa132a10: 成功
./.git/objects/e5/3eb16ec6f40a701654d64d87492c7787be8cc3: 成功
./.git/objects/e5/4c0ab479200586eea4531618578beb1a80f2dc: 成功
./.git/objects/e5/6f1bd77915b2b8387ab5eccae8214054adc0cf: 成功
./.git/objects/e5/7590d772091e37904b7e26bbf28160828997ae: 成功
./.git/objects/e5/b23192617928f37de395efedc3862b38184ee3: 成功
./.git/objects/e5/c2e1082edb97ac22d59a8ecdc667fd71e5f128: 成功
./.git/objects/e6/31bb8b0a4f60ae1386195e540bafe59d5dbb31: 成功
./.git/objects/e6/3a343964ba6fcedbe706105abdb7d2d6709fe6: 成功
./.git/objects/e6/47299af06a4efd43f5d94717ebde7555aced08: 成功
./.git/objects/e6/5795c325ef1c8ccda8121d409413680db306e1: 成功
./.git/objects/e7/7ac67f38fa81a19183e78b7525884fc5e944f9: 成功
./.git/objects/e7/dd4d574ebe5036b3d2c19402dc8ea14fdbe0ec: 成功
./.git/objects/e9/bc66cc2422a66e6c0722d4c66d048b943d9ca2: 成功
./.git/objects/e9/e50b2e960b607261b3c614959bc327fcc51fae: 成功
./.git/objects/ea/2962fe18c0bc8820ff2a32389263117bfc7e4d: 成功
./.git/objects/ea/4c64be61896ab9f7d4beeb624d466b03128ec1: 成功
./.git/objects/eb/1e45999c343c686356661924dd3be881d86322: 成功
./.git/objects/eb/a8c2717e8d532c66f8b92609d7bb0e51a2907c: 成功
./.git/objects/ec/53cdb152fde089717e330245572cb2ac6e0cde: 成功
./.git/objects/ec/9eb904883a84a30e0410a9279f36abe36ab95e: 成功
./.git/objects/ed/282aa27efeabc2617e5a39cc8d1796014aad6c: 成功
./.git/objects/ed/4d19c4285bea13c98be17fe855179518e9f650: 成功
./.git/objects/ee/22597f491c8f2c39bb35493188e38a3219dab2: 成功
./.git/objects/ee/e1e3020d2c02ca05d7ee66ddc2ba71c04286f8: 成功
./.git/objects/ef/2af2026ddbb8b610de27251dea92f2c29d2dfe: 成功
./.git/objects/ef/d40e0087ababf2bb74eaa40da3f94609e0ba49: 成功
./.git/objects/ef/e2f0923444059be4acfc8eedf85d20803b7b47: 成功
./.git/objects/f0/a961ef3a307d76b1e16901d90ebf9142eb4daf: 成功
./.git/objects/f1/69a8465c9de6f8b615fe3d39233b1d11422faf: 成功
./.git/objects/f3/cdbff0744e93891126f60f380815dc8e4cbf34: 成功
./.git/objects/f4/4f58d3d559d5bb0ff6e9ae4b77a506f36ac1d3: 成功
./.git/objects/f4/5111c4d61c30636757dcea2e0db2432f554d23: 成功
./.git/objects/f4/7bf6320468d7a2d411cf8aead154c1d4a1de23: 成功
./.git/objects/f5/79e40f044f48c52a87bbaac0b8b821a1efdf17: 成功
./.git/objects/f6/ad8a0a27c7137abdff67c77dd76c2be542c8ff: 成功
./.git/objects/f7/409b680141a65aad7b88e1d6944cb6b2c572ab: 成功
./.git/objects/f7/5ee6b4652433f8856052e84bc9ed63fd6054ee: 成功
./.git/objects/f8/121b5441e53f8d84936297fe29eb59f95d7f31: 成功
./.git/objects/f9/757f77c0b38db24d8693b7cf47f466926441a5: 成功
./.git/objects/f9/bdd36554550b26324cdab9d226ddb99dfd3b08: 成功
./.git/objects/f9/beb3044f3791affe1c2f0932af31927e2e4705: 成功
./.git/objects/fa/124ea054516064edd7d60c9183e83e04cfcfe1: 成功
./.git/objects/fa/8e8abbf17c007358db9d6707999b001a741c6c: 成功
./.git/objects/fa/ffbff011ba4205283518675d6f2a289297f29a: 成功
./.git/objects/fb/27fda08601e9a2341855d451b28e6ac59f0ce9: 成功
./.git/objects/fb/70945d35897d8736b5dec850991b75aaa80e8c: 成功
./.git/objects/fb/967bbe0531d4efab098b45a7142ac390655b37: 成功
./.git/objects/fc/0e140539adac5a6f24e5d1afbb35778ab66649: 成功
./.git/objects/fd/07ba1570b993c7008a321673e14e7988832899: 成功
./.git/objects/fd/9cfc0b0ec6b9b70d607cd6dfe39ae5725782ee: 成功
./.git/objects/fd/a1ae6a6f072e434ec640b80cfc2c97441512fe: 成功
./.git/objects/fd/df8c538180e9bd0314599ede269b8c6ed52b35: 成功
./.git/objects/fe/9fe5e34a165e9938670f88bcbf83e862bbc1c9: 成功
./.git/objects/fe/b1435258711941665435aff332dbf0772d9f03: 成功
./.git/objects/fe/ff24ce87d4b823ff71385fbf91bbffe24c6107: 成功
./.git/objects/ff/93c45430cdd7d01cc3388f9868054df028bd5d: 成功
./.git/objects/ff/a480e31dee756429b61ec6eb9a6df295c9b2ca: 成功
./.git/objects/ff/c2e2ac1ed2372f3ad62ccacffcf185dd97d908: 成功
./.git/objects/ff/d11c6711398d1f4b1d60a9f86ffb6408dc30cb: 成功
./.git/objects/ff/efddca09f9c036233f3a7e20b5bf658fb3dffc: 成功
./.git/objects/ff/fc908caa0c7f7659be5757c52665b01f7806de: 成功
./.git/refs/heads/main: 成功
./.git/refs/remotes/origin/main: 成功
./.gitignore: 成功
./AGENTS.md: 成功
./EXPERIMENT_PROTOCOL.md: 成功
./MIGRATION.md: 成功
./PROGRESS.md: 成功
./PROJECT_SPEC.md: 成功
./artifacts/.gitkeep: 成功
./artifacts/baselines/baseline_fold_metrics.csv: 成功
./artifacts/baselines/baseline_predictions.csv: 成功
./artifacts/baselines/baseline_run_manifest.json: 成功
./artifacts/baselines/feature_availability.json: 成功
./artifacts/baselines/smoke_feature_availability.json: 成功
./artifacts/baselines/smoke_fold_metrics.csv: 成功
./artifacts/baselines/smoke_predictions.csv: 成功
./artifacts/baselines/smoke_run_manifest.json: 成功
./artifacts/cohorts/coverage_maximized.csv: 成功
./artifacts/cohorts/matched_eeg_fnirs_face.csv: 成功
./artifacts/cohorts/missing_modality.csv: 成功
./artifacts/cohorts_v2/build_manifest.json: 成功
./artifacts/cohorts_v2/cohort_counts.json: 成功
./artifacts/cohorts_v2/core3_any.csv: 成功
./artifacts/cohorts_v2/core3_complete_file.csv: 成功
./artifacts/cohorts_v2/core3_complete_flag.csv: 成功
./artifacts/cohorts_v2/core3_complete_qc.csv: 成功
./artifacts/cohorts_v2/core3_incomplete.csv: 成功
./artifacts/cohorts_v2/eye_extension_direct.csv: 成功
./artifacts/cohorts_v2/eye_extension_name_mapped.csv: 成功
./artifacts/eeg/smoke/smoke_metrics.json: 成功
./artifacts/eeg/task_availability_1back.csv: 成功
./artifacts/eeg/task_availability_oddball.csv: 成功
./artifacts/eeg/task_availability_rest.csv: 成功
./artifacts/environment_versions.json: 成功
./artifacts/face/smoke/smoke_metrics.json: 成功
./artifacts/face/video_availability_self_intro.csv: 成功
./artifacts/face/video_availability_task.csv: 成功
./artifacts/fnirs/smoke/smoke_metrics.json: 成功
./artifacts/fnirs/task_availability_bikom_1back.csv: 成功
./artifacts/fnirs/task_availability_bikom_doors.csv: 成功
./artifacts/fnirs/task_availability_bikom_oddball.csv: 成功
./artifacts/fnirs/task_availability_bikom_rest.csv: 成功
./artifacts/fnirs/task_availability_bikom_vft.csv: 成功
./artifacts/fnirs/task_availability_yiruid_1back.csv: 成功
./artifacts/fnirs/task_availability_yiruid_doors.csv: 成功
./artifacts/fnirs/task_availability_yiruid_oddball.csv: 成功
./artifacts/fnirs/task_availability_yiruid_rest.csv: 成功
./artifacts/fnirs/task_availability_yiruid_vft.csv: 成功
./artifacts/goal2_6/eeg/1back_qc_features.csv: 成功
./artifacts/goal2_6/eeg/1back_signal_features.csv: 成功
./artifacts/goal2_6/eeg/feature_manifest.json: 成功
./artifacts/goal2_6/eeg/oddball_qc_features.csv: 成功
./artifacts/goal2_6/eeg/oddball_signal_features.csv: 成功
./artifacts/goal2_6/eeg/rest_qc_features.csv: 成功
./artifacts/goal2_6/eeg/rest_signal_features.csv: 成功
./artifacts/goal2_6/face/encoder_manifest.json: 成功
./artifacts/goal2_6/face/face_detection_contact_sheet.jpg: 成功
./artifacts/goal2_6/face/self_intro_qc_features.csv: 成功
./artifacts/goal2_6/face/self_intro_qc_features.part.csv: 成功
./artifacts/goal2_6/face/self_intro_signal_features.csv: 成功
./artifacts/goal2_6/face/self_intro_signal_features.part.csv: 成功
./artifacts/goal2_6/face/task_qc_features.csv: 成功
./artifacts/goal2_6/face/task_qc_features.part.csv: 成功
./artifacts/goal2_6/face/task_signal_features.csv: 成功
./artifacts/goal2_6/face/task_signal_features.part.csv: 成功
./artifacts/goal2_6/fnirs/bikom_1back_excluded_subjects.csv: 成功
./artifacts/goal2_6/fnirs/bikom_1back_preprocessing_log.json: 成功
./artifacts/goal2_6/fnirs/bikom_1back_qc_features.csv: 成功
./artifacts/goal2_6/fnirs/bikom_1back_signal_features.csv: 成功
./artifacts/goal2_6/fnirs/bikom_rest_excluded_subjects.csv: 成功
./artifacts/goal2_6/fnirs/bikom_rest_preprocessing_log.json: 成功
./artifacts/goal2_6/fnirs/bikom_rest_qc_features.csv: 成功
./artifacts/goal2_6/fnirs/bikom_rest_signal_features.csv: 成功
./artifacts/goal2_6/fnirs/bikom_vft_excluded_subjects.csv: 成功
./artifacts/goal2_6/fnirs/bikom_vft_preprocessing_log.json: 成功
./artifacts/goal2_6/fnirs/bikom_vft_qc_features.csv: 成功
./artifacts/goal2_6/fnirs/bikom_vft_signal_features.csv: 成功
./artifacts/goal2_6/fnirs/feature_manifest.json: 成功
./artifacts/goal2_6/fnirs/yiruid_1back_excluded_subjects.csv: 成功
./artifacts/goal2_6/fnirs/yiruid_1back_preprocessing_log.json: 成功
./artifacts/goal2_6/fnirs/yiruid_1back_qc_features.csv: 成功
./artifacts/goal2_6/fnirs/yiruid_1back_signal_features.csv: 成功
./artifacts/goal2_6/fnirs/yiruid_rest_excluded_subjects.csv: 成功
./artifacts/goal2_6/fnirs/yiruid_rest_preprocessing_log.json: 成功
./artifacts/goal2_6/fnirs/yiruid_rest_qc_features.csv: 成功
./artifacts/goal2_6/fnirs/yiruid_rest_signal_features.csv: 成功
./artifacts/goal2_6/fnirs/yiruid_vft_excluded_subjects.csv: 成功
./artifacts/goal2_6/fnirs/yiruid_vft_preprocessing_log.json: 成功
./artifacts/goal2_6/fnirs/yiruid_vft_qc_features.csv: 成功
./artifacts/goal2_6/fnirs/yiruid_vft_signal_features.csv: 成功
./artifacts/goal2_6/run_manifest.json: 成功
./artifacts/goal2_7/README.md: 成功
./artifacts/goal2_7/eeg/1back_generic_qc_features.csv: 成功
./artifacts/goal2_7/eeg/1back_generic_signal_features.csv: 成功
./artifacts/goal2_7/eeg/event_code_inventory.csv: 成功
./artifacts/goal2_7/eeg/event_sequence_examples.csv: 成功
./artifacts/goal2_7/eeg/feature_manifest.json: 成功
./artifacts/goal2_7/eeg/oddball_target_only_proxy_qc_features.csv: 成功
./artifacts/goal2_7/eeg/oddball_target_only_proxy_signal_features.csv: 成功
./artifacts/goal2_7/eeg/rest_qc_features.csv: 成功
./artifacts/goal2_7/eeg/rest_signal_features.csv: 成功
./artifacts/goal2_7/face/contact_sheets/self_intro_L100.jpg: 成功
./artifacts/goal2_7/face/contact_sheets/self_intro_L1000.jpg: 成功
./artifacts/goal2_7/face/contact_sheets/self_intro_L1002.jpg: 成功
./artifacts/goal2_7/face/contact_sheets/self_intro_L1003.jpg: 成功
./artifacts/goal2_7/face/contact_sheets/self_intro_L1004.jpg: 成功
./artifacts/goal2_7/face/contact_sheets/self_intro_L1005.jpg: 成功
./artifacts/goal2_7/face/contact_sheets/self_intro_L1006.jpg: 成功
./artifacts/goal2_7/face/contact_sheets/self_intro_L1007.jpg: 成功
./artifacts/goal2_7/face/contact_sheets/self_intro_L1008.jpg: 成功
./artifacts/goal2_7/face/contact_sheets/self_intro_L1010.jpg: 成功
./artifacts/goal2_7/face/contact_sheets/self_intro_L1011.jpg: 成功
./artifacts/goal2_7/face/contact_sheets/self_intro_L1012.jpg: 成功
./artifacts/goal2_7/face/contact_sheets/self_intro_L1013.jpg: 成功
./artifacts/goal2_7/face/contact_sheets/self_intro_L1014.jpg: 成功
./artifacts/goal2_7/face/contact_sheets/self_intro_L1015.jpg: 成功
./artifacts/goal2_7/face/contact_sheets/self_intro_L1016.jpg: 成功
./artifacts/goal2_7/face/contact_sheets/self_intro_L1018.jpg: 成功
./artifacts/goal2_7/face/contact_sheets/self_intro_L1019.jpg: 成功
./artifacts/goal2_7/face/contact_sheets/self_intro_L102.jpg: 成功
./artifacts/goal2_7/face/contact_sheets/self_intro_L1020.jpg: 成功
./artifacts/goal2_7/face/contact_sheets/self_intro_L1021.jpg: 成功
./artifacts/goal2_7/face/contact_sheets/self_intro_L1022.jpg: 成功
./artifacts/goal2_7/face/contact_sheets/self_intro_L1023.jpg: 成功
./artifacts/goal2_7/face/contact_sheets/self_intro_L1024.jpg: 成功
./artifacts/goal2_7/face/contact_sheets/self_intro_L1026.jpg: 成功
./artifacts/goal2_7/face/contact_sheets/self_intro_L1027.jpg: 成功
./artifacts/goal2_7/face/contact_sheets/self_intro_L1029.jpg: 成功
./artifacts/goal2_7/face/contact_sheets/self_intro_L103.jpg: 成功
./artifacts/goal2_7/face/contact_sheets/self_intro_L1030.jpg: 成功
./artifacts/goal2_7/face/contact_sheets/self_intro_L1031.jpg: 成功
./artifacts/goal2_7/face/contact_sheets/self_intro_L1032.jpg: 成功
./artifacts/goal2_7/face/contact_sheets/self_intro_L1034.jpg: 成功
./artifacts/goal2_7/face/contact_sheets/self_intro_L1037.jpg: 成功
./artifacts/goal2_7/face/contact_sheets/self_intro_L1038.jpg: 成功
./artifacts/goal2_7/face/contact_sheets/self_intro_L1039.jpg: 成功
./artifacts/goal2_7/face/contact_sheets/self_intro_L104.jpg: 成功
./artifacts/goal2_7/face/contact_sheets/self_intro_L1040.jpg: 成功
./artifacts/goal2_7/face/contact_sheets/self_intro_L1041.jpg: 成功
./artifacts/goal2_7/face/contact_sheets/self_intro_L1042.jpg: 成功
./artifacts/goal2_7/face/contact_sheets/self_intro_L1043.jpg: 成功
./artifacts/goal2_7/face/contact_sheets/self_intro_L1045.jpg: 成功
./artifacts/goal2_7/face/contact_sheets/self_intro_L1046.jpg: 成功
./artifacts/goal2_7/face/contact_sheets/self_intro_L1047.jpg: 成功
./artifacts/goal2_7/face/contact_sheets/self_intro_L1048.jpg: 成功
./artifacts/goal2_7/face/contact_sheets/self_intro_L1049.jpg: 成功
./artifacts/goal2_7/face/contact_sheets/self_intro_L105.jpg: 成功
./artifacts/goal2_7/face/contact_sheets/self_intro_L1051.jpg: 成功
./artifacts/goal2_7/face/contact_sheets/self_intro_L1052.jpg: 成功
./artifacts/goal2_7/face/contact_sheets/self_intro_L1053.jpg: 成功
./artifacts/goal2_7/face/contact_sheets/self_intro_L1055.jpg: 成功
./artifacts/goal2_7/face/contact_sheets/self_intro_L1056.jpg: 成功
./artifacts/goal2_7/face/contact_sheets/self_intro_L1057.jpg: 成功
./artifacts/goal2_7/face/contact_sheets/self_intro_L1058.jpg: 成功
./artifacts/goal2_7/face/contact_sheets/self_intro_L106.jpg: 成功
./artifacts/goal2_7/face/contact_sheets/self_intro_L1061.jpg: 成功
./artifacts/goal2_7/face/contact_sheets/self_intro_L1063.jpg: 成功
./artifacts/goal2_7/face/contact_sheets/self_intro_L1065.jpg: 成功
./artifacts/goal2_7/face/contact_sheets/self_intro_L1066.jpg: 成功
./artifacts/goal2_7/face/contact_sheets/self_intro_L1067.jpg: 成功
./artifacts/goal2_7/face/contact_sheets/self_intro_L1068.jpg: 成功
./artifacts/goal2_7/face/contact_sheets/self_intro_L1069.jpg: 成功
./artifacts/goal2_7/face/contact_sheets/self_intro_L1070.jpg: 成功
./artifacts/goal2_7/face/contact_sheets/self_intro_L1071.jpg: 成功
./artifacts/goal2_7/face/contact_sheets/self_intro_L1072.jpg: 成功
./artifacts/goal2_7/face/contact_sheets/self_intro_L1073.jpg: 成功
./artifacts/goal2_7/face/contact_sheets/self_intro_L1074.jpg: 成功
./artifacts/goal2_7/face/contact_sheets/self_intro_L1075.jpg: 成功
./artifacts/goal2_7/face/contact_sheets/self_intro_L1076.jpg: 成功
./artifacts/goal2_7/face/contact_sheets/self_intro_L1077.jpg: 成功
./artifacts/goal2_7/face/contact_sheets/self_intro_L1079.jpg: 成功
./artifacts/goal2_7/face/contact_sheets/self_intro_L108.jpg: 成功
./artifacts/goal2_7/face/contact_sheets/self_intro_L1080.jpg: 成功
./artifacts/goal2_7/face/contact_sheets/self_intro_L1081.jpg: 成功
./artifacts/goal2_7/face/contact_sheets/self_intro_L1083.jpg: 成功
./artifacts/goal2_7/face/contact_sheets/self_intro_L1085.jpg: 成功
./artifacts/goal2_7/face/contact_sheets/self_intro_L1086.jpg: 成功
./artifacts/goal2_7/face/contact_sheets/self_intro_L1087.jpg: 成功
./artifacts/goal2_7/face/contact_sheets/self_intro_L1088.jpg: 成功
./artifacts/goal2_7/face/contact_sheets/self_intro_L1089.jpg: 成功
./artifacts/goal2_7/face/contact_sheets/self_intro_L109.jpg: 成功
./artifacts/goal2_7/face/contact_sheets/self_intro_L1090.jpg: 成功
./artifacts/goal2_7/face/contact_sheets/self_intro_L1092.jpg: 成功
./artifacts/goal2_7/face/contact_sheets/self_intro_L1093.jpg: 成功
./artifacts/goal2_7/face/contact_sheets/self_intro_L1094.jpg: 成功
./artifacts/goal2_7/face/contact_sheets/self_intro_L1096.jpg: 成功
./artifacts/goal2_7/face/contact_sheets/self_intro_L1097.jpg: 成功
./artifacts/goal2_7/face/contact_sheets/self_intro_L1098.jpg: 成功
./artifacts/goal2_7/face/contact_sheets/self_intro_L1099.jpg: 成功
./artifacts/goal2_7/face/contact_sheets/self_intro_L1101.jpg: 成功
./artifacts/goal2_7/face/contact_sheets/self_intro_L1102.jpg: 成功
./artifacts/goal2_7/face/contact_sheets/self_intro_L1104.jpg: 成功
./artifacts/goal2_7/face/contact_sheets/self_intro_L1106.jpg: 成功
./artifacts/goal2_7/face/contact_sheets/self_intro_L1107.jpg: 成功
./artifacts/goal2_7/face/contact_sheets/self_intro_L1110.jpg: 成功
./artifacts/goal2_7/face/contact_sheets/self_intro_L1112.jpg: 成功
./artifacts/goal2_7/face/contact_sheets/self_intro_L1114.jpg: 成功
./artifacts/goal2_7/face/contact_sheets/self_intro_L1116.jpg: 成功
./artifacts/goal2_7/face/contact_sheets/self_intro_L1117.jpg: 成功
./artifacts/goal2_7/face/contact_sheets/self_intro_L1118.jpg: 成功
./artifacts/goal2_7/face/contact_sheets/self_intro_L1119.jpg: 成功
./artifacts/goal2_7/face/contact_sheets/self_intro_L112.jpg: 成功
./artifacts/goal2_7/face/contact_sheets/self_intro_L1120.jpg: 成功
./artifacts/goal2_7/face/contact_sheets/self_intro_L1121.jpg: 成功
./artifacts/goal2_7/face/contact_sheets/self_intro_L1122.jpg: 成功
./artifacts/goal2_7/face/contact_sheets/self_intro_L1123.jpg: 成功
./artifacts/goal2_7/face/contact_sheets/self_intro_L1125.jpg: 成功
./artifacts/goal2_7/face/contact_sheets/self_intro_L1127.jpg: 成功
./artifacts/goal2_7/face/contact_sheets/self_intro_L1128.jpg: 成功
./artifacts/goal2_7/face/contact_sheets/self_intro_L1129.jpg: 成功
./artifacts/goal2_7/face/contact_sheets/self_intro_L113.jpg: 成功
./artifacts/goal2_7/face/contact_sheets/self_intro_L1130.jpg: 成功
./artifacts/goal2_7/face/contact_sheets/self_intro_L1131.jpg: 成功
./artifacts/goal2_7/face/contact_sheets/self_intro_L1132.jpg: 成功
./artifacts/goal2_7/face/contact_sheets/self_intro_L1133.jpg: 成功
./artifacts/goal2_7/face/contact_sheets/self_intro_L1134.jpg: 成功
./artifacts/goal2_7/face/contact_sheets/self_intro_L1137.jpg: 成功
./artifacts/goal2_7/face/contact_sheets/self_intro_L1138.jpg: 成功
./artifacts/goal2_7/face/contact_sheets/self_intro_L1139.jpg: 成功
./artifacts/goal2_7/face/contact_sheets/self_intro_L114.jpg: 成功
./artifacts/goal2_7/face/contact_sheets/self_intro_L1140.jpg: 成功
./artifacts/goal2_7/face/contact_sheets/self_intro_L1141.jpg: 成功
./artifacts/goal2_7/face/contact_sheets/self_intro_L1143.jpg: 成功
./artifacts/goal2_7/face/contact_sheets/self_intro_L1144.jpg: 成功
./artifacts/goal2_7/face/contact_sheets/self_intro_L1147.jpg: 成功
./artifacts/goal2_7/face/contact_sheets/self_intro_L1148.jpg: 成功
./artifacts/goal2_7/face/contact_sheets/self_intro_L1151.jpg: 成功
./artifacts/goal2_7/face/contact_sheets/self_intro_L1153.jpg: 成功
./artifacts/goal2_7/face/contact_sheets/self_intro_L1154.jpg: 成功
./artifacts/goal2_7/face/contact_sheets/self_intro_L1155.jpg: 成功
./artifacts/goal2_7/face/contact_sheets/self_intro_L1157.jpg: 成功
./artifacts/goal2_7/face/contact_sheets/self_intro_L1159.jpg: 成功
./artifacts/goal2_7/face/contact_sheets/self_intro_L1160.jpg: 成功
./artifacts/goal2_7/face/contact_sheets/self_intro_L1161.jpg: 成功
./artifacts/goal2_7/face/contact_sheets/self_intro_L1162.jpg: 成功
./artifacts/goal2_7/face/contact_sheets/self_intro_L1163.jpg: 成功
./artifacts/goal2_7/face/contact_sheets/self_intro_L1164.jpg: 成功
./artifacts/goal2_7/face/contact_sheets/self_intro_L1165.jpg: 成功
./artifacts/goal2_7/face/contact_sheets/self_intro_L1166.jpg: 成功
./artifacts/goal2_7/face/contact_sheets/self_intro_L1168.jpg: 成功
./artifacts/goal2_7/face/contact_sheets/self_intro_L1169.jpg: 成功
./artifacts/goal2_7/face/contact_sheets/self_intro_L117.jpg: 成功
./artifacts/goal2_7/face/contact_sheets/self_intro_L1170.jpg: 成功
./artifacts/goal2_7/face/contact_sheets/self_intro_L1171.jpg: 成功
./artifacts/goal2_7/face/contact_sheets/self_intro_L1172.jpg: 成功
./artifacts/goal2_7/face/contact_sheets/self_intro_L1173.jpg: 成功
./artifacts/goal2_7/face/contact_sheets/self_intro_L1174.jpg: 成功
./artifacts/goal2_7/face/contact_sheets/self_intro_L1175.jpg: 成功
./artifacts/goal2_7/face/contact_sheets/self_intro_L1177.jpg: 成功
./artifacts/goal2_7/face/contact_sheets/self_intro_L1178.jpg: 成功
./artifacts/goal2_7/face/contact_sheets/self_intro_L1179.jpg: 成功
./artifacts/goal2_7/face/contact_sheets/self_intro_L118.jpg: 成功
./artifacts/goal2_7/face/contact_sheets/self_intro_L1180.jpg: 成功
./artifacts/goal2_7/face/contact_sheets/self_intro_L1181.jpg: 成功
./artifacts/goal2_7/face/contact_sheets/self_intro_L1182.jpg: 成功
./artifacts/goal2_7/face/contact_sheets/self_intro_L1183.jpg: 成功
./artifacts/goal2_7/face/contact_sheets/self_intro_L1184.jpg: 成功
./artifacts/goal2_7/face/contact_sheets/self_intro_L1185.jpg: 成功
./artifacts/goal2_7/face/contact_sheets/self_intro_L1186.jpg: 成功
./artifacts/goal2_7/face/contact_sheets/self_intro_L1188.jpg: 成功
./artifacts/goal2_7/face/contact_sheets/self_intro_L1189.jpg: 成功
./artifacts/goal2_7/face/contact_sheets/self_intro_L119.jpg: 成功
./artifacts/goal2_7/face/contact_sheets/self_intro_L1190.jpg: 成功
./artifacts/goal2_7/face/contact_sheets/self_intro_L1191.jpg: 成功
./artifacts/goal2_7/face/contact_sheets/self_intro_L1193.jpg: 成功
./artifacts/goal2_7/face/contact_sheets/self_intro_L1194.jpg: 成功
./artifacts/goal2_7/face/contact_sheets/self_intro_L1195.jpg: 成功
./artifacts/goal2_7/face/contact_sheets/self_intro_L1196.jpg: 成功
./artifacts/goal2_7/face/contact_sheets/self_intro_L1197.jpg: 成功
./artifacts/goal2_7/face/contact_sheets/self_intro_L1198.jpg: 成功
./artifacts/goal2_7/face/contact_sheets/self_intro_L1199.jpg: 成功
./artifacts/goal2_7/face/contact_sheets/self_intro_L12.jpg: 成功
./artifacts/goal2_7/face/contact_sheets/self_intro_L120.jpg: 成功
./artifacts/goal2_7/face/contact_sheets/self_intro_L1200.jpg: 成功
./artifacts/goal2_7/face/contact_sheets/self_intro_L1201.jpg: 成功
./artifacts/goal2_7/face/contact_sheets/self_intro_L1202.jpg: 成功
./artifacts/goal2_7/face/contact_sheets/self_intro_L1203.jpg: 成功
./artifacts/goal2_7/face/contact_sheets/self_intro_L1204.jpg: 成功
./artifacts/goal2_7/face/contact_sheets/self_intro_L1206.jpg: 成功
./artifacts/goal2_7/face/contact_sheets/self_intro_L1207.jpg: 成功
./artifacts/goal2_7/face/contact_sheets/self_intro_L1208.jpg: 成功
./artifacts/goal2_7/face/contact_sheets/self_intro_L121.jpg: 成功
./artifacts/goal2_7/face/contact_sheets/self_intro_L1211.jpg: 成功
./artifacts/goal2_7/face/contact_sheets/self_intro_L1212.jpg: 成功
./artifacts/goal2_7/face/contact_sheets/self_intro_L1213.jpg: 成功
./artifacts/goal2_7/face/contact_sheets/self_intro_L1214.jpg: 成功
./artifacts/goal2_7/face/contact_sheets/self_intro_L1215.jpg: 成功
./artifacts/goal2_7/face/contact_sheets/self_intro_L1216.jpg: 成功
./artifacts/goal2_7/face/contact_sheets/self_intro_L1219.jpg: 成功
./artifacts/goal2_7/face/contact_sheets/self_intro_L122.jpg: 成功
./artifacts/goal2_7/face/contact_sheets/self_intro_L1220.jpg: 成功
./artifacts/goal2_7/face/contact_sheets/self_intro_L1222.jpg: 成功
./artifacts/goal2_7/face/contact_sheets/self_intro_L1223.jpg: 成功
./artifacts/goal2_7/face/contact_sheets/self_intro_L1224.jpg: 成功
./artifacts/goal2_7/face/contact_sheets/self_intro_L1225.jpg: 成功
./artifacts/goal2_7/face/contact_sheets/self_intro_L1226.jpg: 成功
./artifacts/goal2_7/face/contact_sheets/self_intro_L1228.jpg: 成功
./artifacts/goal2_7/face/contact_sheets/self_intro_L123.jpg: 成功
./artifacts/goal2_7/face/contact_sheets/self_intro_L1230.jpg: 成功
./artifacts/goal2_7/face/contact_sheets/self_intro_L1231.jpg: 成功
./artifacts/goal2_7/face/contact_sheets/self_intro_L1232.jpg: 成功
./artifacts/goal2_7/face/encoder_manifest.json: 成功
./artifacts/goal2_7/face/models/face_detection_yunet_2023mar.onnx: 成功
./artifacts/goal2_7/face/self_intro_qc_features.csv: 成功
./artifacts/goal2_7/face/self_intro_qc_features.part.csv: 成功
./artifacts/goal2_7/face/self_intro_signal_features.csv: 成功
./artifacts/goal2_7/face/self_intro_signal_features.part.csv: 成功
./artifacts/goal2_7/face/task_qc_features.csv: 成功
./artifacts/goal2_7/face/task_qc_features.part.csv: 成功
./artifacts/goal2_7/face/task_signal_features.csv: 成功
./artifacts/goal2_7/face/task_signal_features.part.csv: 成功
./artifacts/goal2_7/fnirs/bikom_1back_excluded_subjects.csv: 成功
./artifacts/goal2_7/fnirs/bikom_1back_preprocessing_log.json: 成功
./artifacts/goal2_7/fnirs/bikom_1back_qc_features.csv: 成功
./artifacts/goal2_7/fnirs/bikom_1back_signal_features.csv: 成功
./artifacts/goal2_7/fnirs/bikom_rest_excluded_subjects.csv: 成功
./artifacts/goal2_7/fnirs/bikom_rest_preprocessing_log.json: 成功
./artifacts/goal2_7/fnirs/bikom_rest_qc_features.csv: 成功
./artifacts/goal2_7/fnirs/bikom_rest_signal_features.csv: 成功
./artifacts/goal2_7/fnirs/bikom_vft_excluded_subjects.csv: 成功
./artifacts/goal2_7/fnirs/bikom_vft_preprocessing_log.json: 成功
./artifacts/goal2_7/fnirs/bikom_vft_qc_features.csv: 成功
./artifacts/goal2_7/fnirs/bikom_vft_signal_features.csv: 成功
./artifacts/goal2_7/fnirs/feature_manifest.json: 成功
./artifacts/goal2_7/fnirs/marker_inventory.csv: 成功
./artifacts/goal2_7/fnirs/marker_sequence_examples.csv: 成功
./artifacts/goal2_7/fnirs/task_timing_summary.csv: 成功
./artifacts/goal2_7/fnirs/yiruid_1back_excluded_subjects.csv: 成功
./artifacts/goal2_7/fnirs/yiruid_1back_preprocessing_log.json: 成功
./artifacts/goal2_7/fnirs/yiruid_1back_qc_features.csv: 成功
./artifacts/goal2_7/fnirs/yiruid_1back_signal_features.csv: 成功
./artifacts/goal2_7/fnirs/yiruid_rest_excluded_subjects.csv: 成功
./artifacts/goal2_7/fnirs/yiruid_rest_preprocessing_log.json: 成功
./artifacts/goal2_7/fnirs/yiruid_rest_qc_features.csv: 成功
./artifacts/goal2_7/fnirs/yiruid_rest_signal_features.csv: 成功
./artifacts/goal2_7/fnirs/yiruid_vft_excluded_subjects.csv: 成功
./artifacts/goal2_7/fnirs/yiruid_vft_preprocessing_log.json: 成功
./artifacts/goal2_7/fnirs/yiruid_vft_qc_features.csv: 成功
./artifacts/goal2_7/fnirs/yiruid_vft_signal_features.csv: 成功
./artifacts/goal2_7/release_manifest.json: 成功
./artifacts/goal2_7/run_manifest.json: 成功
./artifacts/groups/group_audit_manifest.json: 成功
./artifacts/groups/group_summary.csv: 成功
./artifacts/groups/subject_groups.csv: 成功
./artifacts/smoke/smoke_metrics.json: 成功
./artifacts/splits/subject_splits_group_robustness_v1.csv: 成功
./artifacts/splits/subject_splits_v1.csv: 成功
./artifacts/splits/subject_splits_v1.sha256: 成功
./checkpoints/.gitkeep: 成功
./checkpoints/baselines/demographics__demographics_lightgbm.joblib: 成功
./checkpoints/baselines/demographics__demographics_logistic_regression.joblib: 成功
./checkpoints/baselines/eeg_rest__eeg_rest_lightgbm.joblib: 成功
./checkpoints/baselines/eeg_rest__eeg_rest_logistic_regression.joblib: 成功
./checkpoints/baselines/eeg_rest__eeg_rest_random_forest.joblib: 成功
./checkpoints/baselines/no_information__no_information_majority.joblib: 成功
./checkpoints/baselines/no_information__no_information_stratified_random.joblib: 成功
./configs/baselines/default.yaml: 成功
./configs/baselines/smoke.yaml: 成功
./configs/default.yaml: 成功
./configs/goal2_6/bootstrap.yaml: 成功
./configs/goal2_6/common.yaml: 成功
./configs/goal2_6/eeg.yaml: 成功
./configs/goal2_6/face.yaml: 成功
./configs/goal2_6/fnirs.yaml: 成功
./configs/goal2_6/models.yaml: 成功
./configs/goal2_7/bootstrap.yaml: 成功
./configs/goal2_7/common.yaml: 成功
./configs/goal2_7/eeg.yaml: 成功
./configs/goal2_7/face.yaml: 成功
./configs/goal2_7/fnirs.yaml: 成功
./configs/goal2_7/models.yaml: 成功
./configs/leakage_forbidden_fields.yaml: 成功
./configs/readiness/default.yaml: 成功
./configs/readiness/eeg_smoke.yaml: 成功
./configs/readiness/face_smoke.yaml: 成功
./configs/readiness/fnirs_smoke.yaml: 成功
./configs/smoke.yaml: 成功
./experiments/README.md: 成功
./experiments/v1/Agents.md: 成功
./experiments/v1/README.md: 成功
./experiments/v1/eeg/README.md: 成功
./experiments/v1/eeg/artifacts/deep/results/1back/eegnet/checkpoints/fold_1.pt: 成功
./experiments/v1/eeg/artifacts/deep/results/1back/eegnet/checkpoints/fold_2.pt: 成功
./experiments/v1/eeg/artifacts/deep/results/1back/eegnet/checkpoints/fold_3.pt: 成功
./experiments/v1/eeg/artifacts/deep/results/1back/eegnet/checkpoints/fold_4.pt: 成功
./experiments/v1/eeg/artifacts/deep/results/1back/eegnet/checkpoints/fold_5.pt: 成功
./experiments/v1/eeg/artifacts/deep/results/1back/eegnet/cv_splits.csv: 成功
./experiments/v1/eeg/artifacts/deep/results/1back/eegnet/metrics.csv: 成功
./experiments/v1/eeg/artifacts/deep/results/1back/eegnet/subject_predictions.csv: 成功
./experiments/v1/eeg/artifacts/deep/results/1back/eegnet/train_log.csv: 成功
./experiments/v1/eeg/artifacts/deep/results/1back/inceptiontime/checkpoints/fold_1.pt: 成功
./experiments/v1/eeg/artifacts/deep/results/1back/inceptiontime/checkpoints/fold_2.pt: 成功
./experiments/v1/eeg/artifacts/deep/results/1back/inceptiontime/checkpoints/fold_3.pt: 成功
./experiments/v1/eeg/artifacts/deep/results/1back/inceptiontime/checkpoints/fold_4.pt: 成功
./experiments/v1/eeg/artifacts/deep/results/1back/inceptiontime/checkpoints/fold_5.pt: 成功
./experiments/v1/eeg/artifacts/deep/results/1back/inceptiontime/cv_splits.csv: 成功
./experiments/v1/eeg/artifacts/deep/results/1back/inceptiontime/metrics.csv: 成功
./experiments/v1/eeg/artifacts/deep/results/1back/inceptiontime/subject_predictions.csv: 成功
./experiments/v1/eeg/artifacts/deep/results/1back/inceptiontime/train_log.csv: 成功
./experiments/v1/eeg/artifacts/deep/results/oddball/eegnet/checkpoints/fold_1.pt: 成功
./experiments/v1/eeg/artifacts/deep/results/oddball/eegnet/checkpoints/fold_2.pt: 成功
./experiments/v1/eeg/artifacts/deep/results/oddball/eegnet/checkpoints/fold_3.pt: 成功
./experiments/v1/eeg/artifacts/deep/results/oddball/eegnet/checkpoints/fold_4.pt: 成功
./experiments/v1/eeg/artifacts/deep/results/oddball/eegnet/checkpoints/fold_5.pt: 成功
./experiments/v1/eeg/artifacts/deep/results/oddball/eegnet/cv_splits.csv: 成功
./experiments/v1/eeg/artifacts/deep/results/oddball/eegnet/metrics.csv: 成功
./experiments/v1/eeg/artifacts/deep/results/oddball/eegnet/subject_predictions.csv: 成功
./experiments/v1/eeg/artifacts/deep/results/oddball/eegnet/train_log.csv: 成功
./experiments/v1/eeg/artifacts/deep/results/oddball/inceptiontime/checkpoints/fold_1.pt: 成功
./experiments/v1/eeg/artifacts/deep/results/oddball/inceptiontime/checkpoints/fold_2.pt: 成功
./experiments/v1/eeg/artifacts/deep/results/oddball/inceptiontime/checkpoints/fold_3.pt: 成功
./experiments/v1/eeg/artifacts/deep/results/oddball/inceptiontime/checkpoints/fold_4.pt: 成功
./experiments/v1/eeg/artifacts/deep/results/oddball/inceptiontime/checkpoints/fold_5.pt: 成功
./experiments/v1/eeg/artifacts/deep/results/oddball/inceptiontime/cv_splits.csv: 成功
./experiments/v1/eeg/artifacts/deep/results/oddball/inceptiontime/metrics.csv: 成功
./experiments/v1/eeg/artifacts/deep/results/oddball/inceptiontime/subject_predictions.csv: 成功
./experiments/v1/eeg/artifacts/deep/results/oddball/inceptiontime/train_log.csv: 成功
./experiments/v1/eeg/artifacts/deep/results/rest/eegnet/checkpoints/fold_1.pt: 成功
./experiments/v1/eeg/artifacts/deep/results/rest/eegnet/checkpoints/fold_2.pt: 成功
./experiments/v1/eeg/artifacts/deep/results/rest/eegnet/checkpoints/fold_3.pt: 成功
./experiments/v1/eeg/artifacts/deep/results/rest/eegnet/checkpoints/fold_4.pt: 成功
./experiments/v1/eeg/artifacts/deep/results/rest/eegnet/checkpoints/fold_5.pt: 成功
./experiments/v1/eeg/artifacts/deep/results/rest/eegnet/cv_splits.csv: 成功
./experiments/v1/eeg/artifacts/deep/results/rest/eegnet/metrics.csv: 成功
./experiments/v1/eeg/artifacts/deep/results/rest/eegnet/subject_predictions.csv: 成功
./experiments/v1/eeg/artifacts/deep/results/rest/eegnet/train_log.csv: 成功
./experiments/v1/eeg/artifacts/deep/results/rest/inceptiontime/checkpoints/fold_1.pt: 成功
./experiments/v1/eeg/artifacts/deep/results/rest/inceptiontime/checkpoints/fold_2.pt: 成功
./experiments/v1/eeg/artifacts/deep/results/rest/inceptiontime/checkpoints/fold_3.pt: 成功
./experiments/v1/eeg/artifacts/deep/results/rest/inceptiontime/checkpoints/fold_4.pt: 成功
./experiments/v1/eeg/artifacts/deep/results/rest/inceptiontime/checkpoints/fold_5.pt: 成功
./experiments/v1/eeg/artifacts/deep/results/rest/inceptiontime/cv_splits.csv: 成功
./experiments/v1/eeg/artifacts/deep/results/rest/inceptiontime/metrics.csv: 成功
./experiments/v1/eeg/artifacts/deep/results/rest/inceptiontime/subject_predictions.csv: 成功
./experiments/v1/eeg/artifacts/deep/results/rest/inceptiontime/train_log.csv: 成功
./experiments/v1/eeg/artifacts/deep/windows/X_1back.npy: 成功
./experiments/v1/eeg/artifacts/deep/windows/X_oddball.npy: 成功
./experiments/v1/eeg/artifacts/deep/windows/X_rest.npy: 成功
./experiments/v1/eeg/artifacts/deep/windows/metadata_1back.csv: 成功
./experiments/v1/eeg/artifacts/deep/windows/metadata_oddball.csv: 成功
./experiments/v1/eeg/artifacts/deep/windows/metadata_rest.csv: 成功
./experiments/v1/eeg/artifacts/deep/windows/qa_1back.csv: 成功
./experiments/v1/eeg/artifacts/deep/windows/qa_1back.md: 成功
./experiments/v1/eeg/artifacts/deep/windows/qa_oddball.csv: 成功
./experiments/v1/eeg/artifacts/deep/windows/qa_oddball.md: 成功
./experiments/v1/eeg/artifacts/deep/windows/qa_rest.csv: 成功
./experiments/v1/eeg/artifacts/deep/windows/qa_rest.md: 成功
./experiments/v1/eeg/artifacts/features/eeg_rest_feature_qc.csv: 成功
./experiments/v1/eeg/artifacts/features/eeg_rest_feature_qc.md: 成功
./experiments/v1/eeg/artifacts/features/eeg_rest_features.csv: 成功
./experiments/v1/eeg/artifacts/index/eeg_rest_file_index.csv: 成功
./experiments/v1/eeg/artifacts/index/eeg_rest_file_index_qa.md: 成功
./experiments/v1/eeg/artifacts/results/rest_primary_cv_splits.csv: 成功
./experiments/v1/eeg/artifacts/results/rest_primary_metrics.csv: 成功
./experiments/v1/eeg/artifacts/results/rest_primary_predictions.csv: 成功
./experiments/v1/eeg/reports/eeg_deep_1back_eegnet_report.md: 成功
./experiments/v1/eeg/reports/eeg_deep_1back_inceptiontime_report.md: 成功
./experiments/v1/eeg/reports/eeg_deep_baseline_report.md: 成功
./experiments/v1/eeg/reports/eeg_deep_oddball_eegnet_report.md: 成功
./experiments/v1/eeg/reports/eeg_deep_oddball_inceptiontime_report.md: 成功
./experiments/v1/eeg/reports/eeg_deep_rest_eegnet_report.md: 成功
./experiments/v1/eeg/reports/eeg_deep_rest_inceptiontime_report.md: 成功
./experiments/v1/eeg/reports/eeg_rest_baseline_report.md: 成功
./experiments/v1/eeg/scripts/__pycache__/cache_deep_windows.cpython-311.pyc: 成功
./experiments/v1/eeg/scripts/__pycache__/extract_rest_features.cpython-311.pyc: 成功
./experiments/v1/eeg/scripts/__pycache__/index_eeg_files.cpython-311.pyc: 成功
./experiments/v1/eeg/scripts/__pycache__/summarize_deep_baselines.cpython-311.pyc: 成功
./experiments/v1/eeg/scripts/__pycache__/train_deep_eeg.cpython-311.pyc: 成功
./experiments/v1/eeg/scripts/__pycache__/train_rest_baseline.cpython-311.pyc: 成功
./experiments/v1/eeg/scripts/_paths.py: 成功
./experiments/v1/eeg/scripts/cache_deep_windows.py: 成功
./experiments/v1/eeg/scripts/extract_rest_features.py: 成功
./experiments/v1/eeg/scripts/index_eeg_files.py: 成功
./experiments/v1/eeg/scripts/summarize_deep_baselines.py: 成功
./experiments/v1/eeg/scripts/train_deep_eeg.py: 成功
./experiments/v1/eeg/scripts/train_rest_baseline.py: 成功
./experiments/v1/eye/README.md: 成功
./experiments/v1/face/README.md: 成功
./experiments/v1/fnirs/README.md: 成功
./experiments/v1/requirements.txt: 成功
./inputs/README.md: 成功
./inputs/derived_reports/chongqing_binary_diagnosis_report/DATASET_DESCRIPTION.md: 成功
./inputs/derived_reports/chongqing_binary_diagnosis_report/README.md: 成功
./inputs/derived_reports/chongqing_binary_diagnosis_report/data/literature_matrix.csv: 成功
./inputs/derived_reports/chongqing_binary_diagnosis_report/data/modality_coverage.csv: 成功
./inputs/derived_reports/chongqing_binary_diagnosis_report/data/qa_summary.json: 成功
./inputs/derived_reports/chongqing_binary_diagnosis_report/data/qa_summary.md: 成功
./inputs/derived_reports/chongqing_binary_diagnosis_report/data/subject_manifest.csv: 成功
./inputs/derived_reports/chongqing_binary_diagnosis_report/report/chongqing_binary_diagnosis_survey.md: 成功
./inputs/derived_reports/chongqing_binary_diagnosis_report/scripts/build_manifest.py: 成功
./migration/avmoe-requirements.lock.txt: 成功
./migration/chongqing-v1-requirements.lock.txt: 成功
./migration/environment_snapshot.md: 成功
./migration/verification.md: 成功
./reports/.gitkeep: 成功
./reports/baseline_report.md: 成功
./reports/baseline_smoke_report.md: 成功
./reports/cohort_reconciliation.md: 成功
./reports/data_audit.md: 成功
./reports/eeg_data_entry_audit.md: 成功
./reports/eeg_goal3_design.md: 成功
./reports/eeg_smoke_report.md: 成功
./reports/eeg_v1_code_audit.md: 成功
./reports/environment_versions.md: 成功
./reports/face_data_entry_audit.md: 成功
./reports/face_goal5_design.md: 成功
./reports/face_shortcut_audit_plan.md: 成功
./reports/face_smoke_report.md: 成功
./reports/fnirs_data_entry_audit.md: 成功
./reports/fnirs_device_alignment_audit.md: 成功
./reports/fnirs_goal4_design.md: 成功
./reports/fnirs_smoke_report.md: 成功
./reports/goal2_6_core3_comparison.md: 成功
./reports/goal2_6_eeg_results.md: 成功
./reports/goal2_6_face_results.md: 成功
./reports/goal2_6_final_report.md: 成功
./reports/goal2_6_fnirs_results.md: 成功
./reports/goal2_6_shortcut_analysis.md: 成功
./reports/goal2_7_core3_comparison.md: 成功
./reports/goal2_7_demographics_and_group_analysis.md: 成功
./reports/goal2_7_eeg_event_audit.md: 成功
./reports/goal2_7_eeg_results.md: 成功
./reports/goal2_7_face_detection_audit.md: 成功
./reports/goal2_7_face_results.md: 成功
./reports/goal2_7_final_report.md: 成功
./reports/goal2_7_fnirs_event_audit.md: 成功
./reports/goal2_7_fnirs_results.md: 成功
./reports/goal2_7_preimplementation_audit.md: 成功
./reports/goal2_7_protocol_comparison.md: 成功
./reports/goal2_7_release_notes.md: 成功
./reports/leakage_audit.md: 成功
./reports/multimodal_readiness_report.md: 成功
./reports/site_batch_confound_audit.md: 成功
./reports/split_report.md: 成功
./reports/status_2026-08-23/artifact.json: 成功
./reports/status_2026-08-23/report.html: 成功
./reports/status_2026-08-23/source_notes.md: 成功
./results/.gitkeep: 成功
./results/baseline_results.csv: 成功
./results/baseline_smoke_results.csv: 成功
./results/goal2_6/all_fold_metrics.csv: 成功
./results/goal2_6/all_oof_predictions.csv: 成功
./results/goal2_6/all_pooled_metrics.csv: 成功
./results/goal2_6/bootstrap_confidence_intervals.csv: 成功
./results/goal2_6/core3_same_cohort_summary.csv: 成功
./results/goal2_6/exclusion_summary.csv: 成功
./results/goal2_6/feature_counts.csv: 成功
./results/goal2_6/group_robustness_summary.csv: 成功
./results/goal2_6/native_cohort_summary.csv: 成功
./results/goal2_6/paired_model_comparisons.csv: 成功
./results/goal2_6/pca_explained_variance.csv: 成功
./results/goal2_6/selected_hyperparameters.csv: 成功
./results/goal2_6/shortcut_baseline_summary.csv: 成功
./results/goal2_7/README.md: 成功
./results/goal2_7/all_fold_metrics.csv: 成功
./results/goal2_7/all_oof_predictions_group_cv.csv: 成功
./results/goal2_7/all_oof_predictions_group_cv.csv.gz: 成功
./results/goal2_7/all_oof_predictions_standard_cv.csv: 成功
./results/goal2_7/all_oof_predictions_standard_cv.csv.gz: 成功
./results/goal2_7/all_pooled_metrics.csv: 成功
./results/goal2_7/bootstrap_confidence_intervals.csv: 成功
./results/goal2_7/core3_intersection_summary.csv: 成功
./results/goal2_7/demographics_decomposition.csv: 成功
./results/goal2_7/eeg_event_validity_summary.csv: 成功
./results/goal2_7/exclusion_summary.csv: 成功
./results/goal2_7/face_strict_control_summary.csv: 成功
./results/goal2_7/feature_counts.csv: 成功
./results/goal2_7/fnirs_event_validity_summary.csv: 成功
./results/goal2_7/native_cohort_summary.csv: 成功
./results/goal2_7/paired_increment_comparisons.csv: 成功
./results/goal2_7/pca_diagnostics.csv: 成功
./results/goal2_7/selected_hyperparameters.csv: 成功
./results/goal2_7/shortcut_baseline_summary.csv: 成功
./results/goal2_7/standard_vs_group_cv.csv: 成功
./results/goal2_7/threshold_diagnostics.csv: 成功
./results/smoke/smoke_predictions.csv: 成功
./scripts/__pycache__/audit_eeg_readiness.cpython-39.pyc: 成功
./scripts/__pycache__/audit_face_readiness.cpython-39.pyc: 成功
./scripts/__pycache__/audit_fnirs_readiness.cpython-39.pyc: 成功
./scripts/__pycache__/audit_goal2_7_events.cpython-39.pyc: 成功
./scripts/__pycache__/audit_groups.cpython-39.pyc: 成功
./scripts/__pycache__/build_cohorts_v2.cpython-39.pyc: 成功
./scripts/__pycache__/build_goal2_7_release_manifest.cpython-39.pyc: 成功
./scripts/__pycache__/build_subject_splits.cpython-311.pyc: 成功
./scripts/__pycache__/build_subject_splits.cpython-39.pyc: 成功
./scripts/__pycache__/check_leakage.cpython-311.pyc: 成功
./scripts/__pycache__/check_leakage.cpython-39.pyc: 成功
./scripts/__pycache__/extract_eeg_goal2_6_features.cpython-39.pyc: 成功
./scripts/__pycache__/extract_eeg_goal2_7_features.cpython-39.pyc: 成功
./scripts/__pycache__/extract_face_goal2_6_features.cpython-39.pyc: 成功
./scripts/__pycache__/extract_face_goal2_7_features.cpython-39.pyc: 成功
./scripts/__pycache__/extract_fnirs_goal2_6_features.cpython-39.pyc: 成功
./scripts/__pycache__/extract_fnirs_goal2_7_features.cpython-39.pyc: 成功
./scripts/__pycache__/generate_goal2_5_reports.cpython-39.pyc: 成功
./scripts/__pycache__/record_environment.cpython-311.pyc: 成功
./scripts/__pycache__/record_environment.cpython-39.pyc: 成功
./scripts/__pycache__/run_baselines.cpython-311.pyc: 成功
./scripts/__pycache__/run_baselines.cpython-39.pyc: 成功
./scripts/__pycache__/run_goal2_6_core3.cpython-39.pyc: 成功
./scripts/__pycache__/run_goal2_6_eeg.cpython-39.pyc: 成功
./scripts/__pycache__/run_goal2_6_face.cpython-39.pyc: 成功
./scripts/__pycache__/run_goal2_6_fnirs.cpython-39.pyc: 成功
./scripts/__pycache__/run_goal2_7.cpython-39.pyc: 成功
./scripts/__pycache__/smoke_test.cpython-311.pyc: 成功
./scripts/__pycache__/smoke_test.cpython-39.pyc: 成功
./scripts/__pycache__/summarize_goal2_6.cpython-39.pyc: 成功
./scripts/__pycache__/summarize_goal2_7.cpython-39.pyc: 成功
./scripts/audit_eeg_readiness.py: 成功
./scripts/audit_face_readiness.py: 成功
./scripts/audit_fnirs_readiness.py: 成功
./scripts/audit_goal2_7_events.py: 成功
./scripts/audit_groups.py: 成功
./scripts/build_cohorts_v2.py: 成功
./scripts/build_goal2_7_release_manifest.py: 成功
./scripts/build_subject_splits.py: 成功
./scripts/check_leakage.py: 成功
./scripts/extract_eeg_goal2_6_features.py: 成功
./scripts/extract_eeg_goal2_7_features.py: 成功
./scripts/extract_face_goal2_6_features.py: 成功
./scripts/extract_face_goal2_7_features.py: 成功
./scripts/extract_fnirs_goal2_6_features.py: 成功
./scripts/extract_fnirs_goal2_7_features.py: 成功
./scripts/generate_goal2_5_reports.py: 成功
./scripts/record_environment.py: 成功
./scripts/run_baselines.py: 成功
./scripts/run_goal2_6_core3.py: 成功
./scripts/run_goal2_6_eeg.py: 成功
./scripts/run_goal2_6_face.py: 成功
./scripts/run_goal2_6_fnirs.py: 成功
./scripts/run_goal2_7.py: 成功
./scripts/smoke_test.py: 成功
./scripts/summarize_goal2_6.py: 成功
./scripts/summarize_goal2_7.py: 成功
./src/chongqing_binary/__init__.py: 成功
./src/chongqing_binary/__pycache__/__init__.cpython-311.pyc: 成功
./src/chongqing_binary/__pycache__/__init__.cpython-39.pyc: 成功
./src/chongqing_binary/__pycache__/audit.cpython-311.pyc: 成功
./src/chongqing_binary/__pycache__/audit.cpython-39.pyc: 成功
./src/chongqing_binary/__pycache__/baselines.cpython-311.pyc: 成功
./src/chongqing_binary/__pycache__/baselines.cpython-39.pyc: 成功
./src/chongqing_binary/__pycache__/cohorts.cpython-39.pyc: 成功
./src/chongqing_binary/__pycache__/config.cpython-311.pyc: 成功
./src/chongqing_binary/__pycache__/config.cpython-39.pyc: 成功
./src/chongqing_binary/__pycache__/data.cpython-311.pyc: 成功
./src/chongqing_binary/__pycache__/data.cpython-39.pyc: 成功
./src/chongqing_binary/__pycache__/environment.cpython-311.pyc: 成功
./src/chongqing_binary/__pycache__/environment.cpython-39.pyc: 成功
./src/chongqing_binary/__pycache__/evaluation.cpython-311.pyc: 成功
./src/chongqing_binary/__pycache__/evaluation.cpython-39.pyc: 成功
./src/chongqing_binary/__pycache__/groups.cpython-39.pyc: 成功
./src/chongqing_binary/__pycache__/leakage.cpython-311.pyc: 成功
./src/chongqing_binary/__pycache__/leakage.cpython-39.pyc: 成功
./src/chongqing_binary/__pycache__/log.cpython-311.pyc: 成功
./src/chongqing_binary/__pycache__/log.cpython-39.pyc: 成功
./src/chongqing_binary/__pycache__/models.cpython-311.pyc: 成功
./src/chongqing_binary/__pycache__/models.cpython-39.pyc: 成功
./src/chongqing_binary/__pycache__/readiness.cpython-39.pyc: 成功
./src/chongqing_binary/__pycache__/reports.cpython-311.pyc: 成功
./src/chongqing_binary/__pycache__/reports.cpython-39.pyc: 成功
./src/chongqing_binary/__pycache__/smoke.cpython-311.pyc: 成功
./src/chongqing_binary/__pycache__/smoke.cpython-39.pyc: 成功
./src/chongqing_binary/__pycache__/splits.cpython-311.pyc: 成功
./src/chongqing_binary/__pycache__/splits.cpython-39.pyc: 成功
./src/chongqing_binary/audit.py: 成功
./src/chongqing_binary/baselines.py: 成功
./src/chongqing_binary/cohorts.py: 成功
./src/chongqing_binary/config.py: 成功
./src/chongqing_binary/data.py: 成功
./src/chongqing_binary/eeg/__init__.py: 成功
./src/chongqing_binary/eeg/__pycache__/__init__.cpython-39.pyc: 成功
./src/chongqing_binary/eeg/__pycache__/features.cpython-39.pyc: 成功
./src/chongqing_binary/eeg/__pycache__/index.cpython-39.pyc: 成功
./src/chongqing_binary/eeg/__pycache__/io.cpython-39.pyc: 成功
./src/chongqing_binary/eeg/__pycache__/preprocessing.cpython-39.pyc: 成功
./src/chongqing_binary/eeg/__pycache__/qc.cpython-39.pyc: 成功
./src/chongqing_binary/eeg/features.py: 成功
./src/chongqing_binary/eeg/index.py: 成功
./src/chongqing_binary/eeg/io.py: 成功
./src/chongqing_binary/eeg/preprocessing.py: 成功
./src/chongqing_binary/eeg/qc.py: 成功
./src/chongqing_binary/environment.py: 成功
./src/chongqing_binary/evaluation.py: 成功
./src/chongqing_binary/face/__init__.py: 成功
./src/chongqing_binary/face/__pycache__/__init__.cpython-39.pyc: 成功
./src/chongqing_binary/face/__pycache__/detection.cpython-39.pyc: 成功
./src/chongqing_binary/face/__pycache__/features.cpython-39.pyc: 成功
./src/chongqing_binary/face/__pycache__/index.cpython-39.pyc: 成功
./src/chongqing_binary/face/__pycache__/io.cpython-39.pyc: 成功
./src/chongqing_binary/face/__pycache__/qc.cpython-39.pyc: 成功
./src/chongqing_binary/face/__pycache__/sampling.cpython-39.pyc: 成功
./src/chongqing_binary/face/detection.py: 成功
./src/chongqing_binary/face/features.py: 成功
./src/chongqing_binary/face/index.py: 成功
./src/chongqing_binary/face/io.py: 成功
./src/chongqing_binary/face/qc.py: 成功
./src/chongqing_binary/face/sampling.py: 成功
./src/chongqing_binary/fnirs/__init__.py: 成功
./src/chongqing_binary/fnirs/__pycache__/__init__.cpython-39.pyc: 成功
./src/chongqing_binary/fnirs/__pycache__/devices.cpython-39.pyc: 成功
./src/chongqing_binary/fnirs/__pycache__/features.cpython-39.pyc: 成功
./src/chongqing_binary/fnirs/__pycache__/index.cpython-39.pyc: 成功
./src/chongqing_binary/fnirs/__pycache__/io.cpython-39.pyc: 成功
./src/chongqing_binary/fnirs/__pycache__/preprocessing.cpython-39.pyc: 成功
./src/chongqing_binary/fnirs/__pycache__/qc.cpython-39.pyc: 成功
./src/chongqing_binary/fnirs/devices.py: 成功
./src/chongqing_binary/fnirs/features.py: 成功
./src/chongqing_binary/fnirs/index.py: 成功
./src/chongqing_binary/fnirs/io.py: 成功
./src/chongqing_binary/fnirs/preprocessing.py: 成功
./src/chongqing_binary/fnirs/qc.py: 成功
./src/chongqing_binary/goal2_6/__init__.py: 成功
./src/chongqing_binary/goal2_6/__pycache__/__init__.cpython-39.pyc: 成功
./src/chongqing_binary/goal2_6/__pycache__/config.cpython-39.pyc: 成功
./src/chongqing_binary/goal2_6/__pycache__/eeg.cpython-39.pyc: 成功
./src/chongqing_binary/goal2_6/__pycache__/face.cpython-39.pyc: 成功
./src/chongqing_binary/goal2_6/__pycache__/fnirs.cpython-39.pyc: 成功
./src/chongqing_binary/goal2_6/__pycache__/io.cpython-39.pyc: 成功
./src/chongqing_binary/goal2_6/__pycache__/report.cpython-39.pyc: 成功
./src/chongqing_binary/goal2_6/__pycache__/runner.cpython-39.pyc: 成功
./src/chongqing_binary/goal2_6/__pycache__/stats.cpython-39.pyc: 成功
./src/chongqing_binary/goal2_6/config.py: 成功
./src/chongqing_binary/goal2_6/eeg.py: 成功
./src/chongqing_binary/goal2_6/face.py: 成功
./src/chongqing_binary/goal2_6/fnirs.py: 成功
./src/chongqing_binary/goal2_6/io.py: 成功
./src/chongqing_binary/goal2_6/report.py: 成功
./src/chongqing_binary/goal2_6/runner.py: 成功
./src/chongqing_binary/goal2_6/stats.py: 成功
./src/chongqing_binary/goal2_7/__init__.py: 成功
./src/chongqing_binary/goal2_7/__pycache__/__init__.cpython-39.pyc: 成功
./src/chongqing_binary/goal2_7/__pycache__/config.cpython-39.pyc: 成功
./src/chongqing_binary/goal2_7/__pycache__/eeg.cpython-39.pyc: 成功
./src/chongqing_binary/goal2_7/__pycache__/face.cpython-39.pyc: 成功
./src/chongqing_binary/goal2_7/__pycache__/fnirs.cpython-39.pyc: 成功
./src/chongqing_binary/goal2_7/__pycache__/io.cpython-39.pyc: 成功
./src/chongqing_binary/goal2_7/__pycache__/report.cpython-39.pyc: 成功
./src/chongqing_binary/goal2_7/__pycache__/runner.cpython-39.pyc: 成功
./src/chongqing_binary/goal2_7/__pycache__/stats.cpython-39.pyc: 成功
./src/chongqing_binary/goal2_7/config.py: 成功
./src/chongqing_binary/goal2_7/eeg.py: 成功
./src/chongqing_binary/goal2_7/face.py: 成功
./src/chongqing_binary/goal2_7/fnirs.py: 成功
./src/chongqing_binary/goal2_7/io.py: 成功
./src/chongqing_binary/goal2_7/report.py: 成功
./src/chongqing_binary/goal2_7/runner.py: 成功
./src/chongqing_binary/goal2_7/stats.py: 成功
./src/chongqing_binary/groups.py: 成功
./src/chongqing_binary/leakage.py: 成功
./src/chongqing_binary/log.py: 成功
./src/chongqing_binary/models.py: 成功
./src/chongqing_binary/paths.py: 成功
./src/chongqing_binary/readiness.py: 成功
./src/chongqing_binary/reports.py: 成功
./src/chongqing_binary/smoke.py: 成功
./src/chongqing_binary/splits.py: 成功
./tests/__pycache__/test_baseline_artifacts.cpython-311.pyc: 成功
./tests/__pycache__/test_baseline_artifacts.cpython-39.pyc: 成功
./tests/__pycache__/test_baselines.cpython-311.pyc: 成功
./tests/__pycache__/test_baselines.cpython-39.pyc: 成功
./tests/__pycache__/test_config.cpython-311.pyc: 成功
./tests/__pycache__/test_config.cpython-39.pyc: 成功
./tests/__pycache__/test_data_interface.cpython-311.pyc: 成功
./tests/__pycache__/test_data_interface.cpython-39.pyc: 成功
./tests/__pycache__/test_evaluation_and_model.cpython-311.pyc: 成功
./tests/__pycache__/test_evaluation_and_model.cpython-39.pyc: 成功
./tests/__pycache__/test_goal2_5_readiness.cpython-39.pyc: 成功
./tests/__pycache__/test_goal2_6_protocol.cpython-311.pyc: 成功
./tests/__pycache__/test_goal2_6_protocol.cpython-39.pyc: 成功
./tests/__pycache__/test_goal2_7_protocol.cpython-311.pyc: 成功
./tests/__pycache__/test_goal2_7_protocol.cpython-39.pyc: 成功
./tests/__pycache__/test_leakage_guard.cpython-311.pyc: 成功
./tests/__pycache__/test_leakage_guard.cpython-39.pyc: 成功
./tests/__pycache__/test_subject_splits.cpython-311.pyc: 成功
./tests/__pycache__/test_subject_splits.cpython-39.pyc: 成功
./tests/test_baseline_artifacts.py: 成功
./tests/test_baselines.py: 成功
./tests/test_config.py: 成功
./tests/test_data_interface.py: 成功
./tests/test_evaluation_and_model.py: 成功
./tests/test_goal2_5_readiness.py: 成功
./tests/test_goal2_6_protocol.py: 成功
./tests/test_goal2_7_protocol.py: 成功
./tests/test_leakage_guard.py: 成功
./tests/test_subject_splits.py: 成功
